Archive member included because of file (symbol)

c:/altera/13.0sp1/nios2eds/bin/gnu/h-i686-mingw32/bin/../lib/gcc/nios2-elf/4.1.2/../../../../nios2-elf/lib\libc.a(lib_a-memset.o)
                              obj/default/hello_world.o (memset)
../display_bsp/\libhal_bsp.a(alt_load.o)
                              ../display_bsp//obj/HAL/src/crt0.o (alt_load)
../display_bsp/\libhal_bsp.a(alt_main.o)
                              ../display_bsp//obj/HAL/src/crt0.o (alt_main)
../display_bsp/\libhal_bsp.a(alt_printf.o)
                              obj/default/hello_world.o (alt_printf)
../display_bsp/\libhal_bsp.a(alt_putchar.o)
                              ../display_bsp/\libhal_bsp.a(alt_printf.o) (alt_putchar)
../display_bsp/\libhal_bsp.a(alt_sys_init.o)
                              ../display_bsp/\libhal_bsp.a(alt_main.o) (alt_irq_init)
../display_bsp/\libhal_bsp.a(altera_avalon_jtag_uart_fd.o)
                              ../display_bsp/\libhal_bsp.a(alt_sys_init.o) (altera_avalon_jtag_uart_read_fd)
../display_bsp/\libhal_bsp.a(altera_avalon_jtag_uart_init.o)
                              ../display_bsp/\libhal_bsp.a(alt_sys_init.o) (altera_avalon_jtag_uart_init)
../display_bsp/\libhal_bsp.a(altera_avalon_jtag_uart_ioctl.o)
                              ../display_bsp/\libhal_bsp.a(altera_avalon_jtag_uart_fd.o) (altera_avalon_jtag_uart_ioctl)
../display_bsp/\libhal_bsp.a(altera_avalon_jtag_uart_read.o)
                              ../display_bsp/\libhal_bsp.a(altera_avalon_jtag_uart_fd.o) (altera_avalon_jtag_uart_read)
../display_bsp/\libhal_bsp.a(altera_avalon_jtag_uart_write.o)
                              ../display_bsp/\libhal_bsp.a(altera_avalon_jtag_uart_fd.o) (altera_avalon_jtag_uart_write)
../display_bsp/\libhal_bsp.a(altera_avalon_timer_sc.o)
                              ../display_bsp/\libhal_bsp.a(alt_sys_init.o) (alt_avalon_timer_sc_init)
../display_bsp/\libhal_bsp.a(altera_up_avalon_character_lcd.o)
                              ../display_bsp/\libhal_bsp.a(alt_sys_init.o) (alt_up_character_lcd_init)
../display_bsp/\libhal_bsp.a(altera_up_avalon_irda.o)
                              ../display_bsp/\libhal_bsp.a(alt_sys_init.o) (alt_up_irda_read_fd)
../display_bsp/\libhal_bsp.a(altera_up_avalon_ps2.o)
                              ../display_bsp/\libhal_bsp.a(alt_sys_init.o) (alt_up_ps2_init)
../display_bsp/\libhal_bsp.a(altera_up_avalon_rs232.o)
                              ../display_bsp/\libhal_bsp.a(alt_sys_init.o) (alt_up_rs232_read_fd)
../display_bsp/\libhal_bsp.a(altera_up_avalon_video_character_buffer_with_dma.o)
                              ../display_bsp/\libhal_bsp.a(alt_sys_init.o) (alt_up_char_buffer_init)
../display_bsp/\libhal_bsp.a(alt_alarm_start.o)
                              ../display_bsp/\libhal_bsp.a(altera_avalon_jtag_uart_init.o) (alt_alarm_start)
../display_bsp/\libhal_bsp.a(alt_close.o)
                              ../display_bsp/\libhal_bsp.a(alt_main.o) (close)
../display_bsp/\libhal_bsp.a(alt_dcache_flush_all.o)
                              ../display_bsp/\libhal_bsp.a(alt_load.o) (alt_dcache_flush_all)
../display_bsp/\libhal_bsp.a(alt_dev.o)
                              ../display_bsp/\libhal_bsp.a(alt_sys_init.o) (alt_dev_list)
../display_bsp/\libhal_bsp.a(alt_dev_llist_insert.o)
                              ../display_bsp/\libhal_bsp.a(alt_sys_init.o) (alt_dev_llist_insert)
../display_bsp/\libhal_bsp.a(alt_do_ctors.o)
                              ../display_bsp/\libhal_bsp.a(alt_main.o) (_do_ctors)
../display_bsp/\libhal_bsp.a(alt_do_dtors.o)
                              ../display_bsp/\libhal_bsp.a(alt_main.o) (_do_dtors)
../display_bsp/\libhal_bsp.a(alt_errno.o)
                              ../display_bsp/\libhal_bsp.a(alt_close.o) (alt_errno)
../display_bsp/\libhal_bsp.a(alt_find_dev.o)
                              ../display_bsp/\libhal_bsp.a(altera_up_avalon_character_lcd.o) (alt_find_dev)
../display_bsp/\libhal_bsp.a(alt_icache_flush_all.o)
                              ../display_bsp/\libhal_bsp.a(alt_load.o) (alt_icache_flush_all)
../display_bsp/\libhal_bsp.a(alt_io_redirect.o)
                              ../display_bsp/\libhal_bsp.a(alt_main.o) (alt_io_redirect)
../display_bsp/\libhal_bsp.a(alt_irq_register.o)
                              ../display_bsp/\libhal_bsp.a(altera_avalon_jtag_uart_init.o) (alt_irq_register)
../display_bsp/\libhal_bsp.a(alt_irq_vars.o)
                              ../display_bsp/\libhal_bsp.a(alt_irq_register.o) (alt_irq_active)
../display_bsp/\libhal_bsp.a(alt_open.o)
                              ../display_bsp/\libhal_bsp.a(alt_io_redirect.o) (open)
../display_bsp/\libhal_bsp.a(alt_release_fd.o)
                              ../display_bsp/\libhal_bsp.a(alt_close.o) (alt_release_fd)
../display_bsp/\libhal_bsp.a(alt_tick.o)
                              ../display_bsp/\libhal_bsp.a(altera_avalon_jtag_uart_init.o) (_alt_tick_rate)
../display_bsp/\libhal_bsp.a(altera_nios2_qsys_irq.o)
[...]
Memory Configuration

Name             Origin             Length             Attributes
reset            0x00000000         0x00000020
SDRAM            0x00000020         0x07ffffe0
Flash_flash_data 0x0c000000         0x00800000
*default*        0x00000000         0xffffffff

Linker script and memory map

LOAD ../display_bsp//obj/HAL/src/crt0.o
LOAD obj/default/hello_world.o
LOAD c:/altera/13.0sp1/nios2eds/bin/gnu/h-i686-mingw32/bin/../lib/gcc/nios2-elf/4.1.2/../../../../nios2-elf/lib\libstdc++.a
LOAD c:/altera/13.0sp1/nios2eds/bin/gnu/h-i686-mingw32/bin/../lib/gcc/nios2-elf/4.1.2/../../../../nios2-elf/lib\libm.a
LOAD c:/altera/13.0sp1/nios2eds/bin/gnu/h-i686-mingw32/bin/../lib/gcc/nios2-elf/4.1.2\libgcc.a
START GROUP
LOAD c:/altera/13.0sp1/nios2eds/bin/gnu/h-i686-mingw32/bin/../lib/gcc/nios2-elf/4.1.2/../../../../nios2-elf/lib\libc.a
LOAD c:/altera/13.0sp1/nios2eds/bin/gnu/h-i686-mingw32/bin/../lib/gcc/nios2-elf/4.1.2\libgcc.a
LOAD ../display_bsp/\libhal_bsp.a
END GROUP
LOAD c:/altera/13.0sp1/nios2eds/bin/gnu/h-i686-mingw32/bin/../lib/gcc/nios2-elf/4.1.2\libgcc.a
                0x00000000                __alt_mem_SDRAM = 0x0
                0x0c000000                __alt_mem_Flash_flash_data = 0xc000000

.entry          0x00000000       0x20
 *(.entry)
 .entry         0x00000000       0x20 ../display_bsp//obj/HAL/src/crt0.o
                0x00000000                __reset

.exceptions     0x00000020      0x198
                0x00000020                PROVIDE (__ram_exceptions_start, ABSOLUTE (.))
                0x00000020                . = ALIGN (0x20)
 *(.irq)
 *(.exceptions.entry.label)
 .exceptions.entry.label
                0x00000020        0x0 ../display_bsp/\libhal_bsp.a(alt_irq_entry.o)
                0x00000020                alt_irq_entry
 .exceptions.entry.label
                0x00000020        0x0 ../display_bsp/\libhal_bsp.a(alt_exception_entry.o)
                0x00000020                alt_exception
 *(.exceptions.entry.user)
 *(.exceptions.entry)
 .exceptions.entry
                0x00000020       0x54 ../display_bsp/\libhal_bsp.a(alt_exception_entry.o)
 *(.exceptions.irqtest.user)
 *(.exceptions.irqtest)
 .exceptions.irqtest
                0x00000074       0x10 ../display_bsp/\libhal_bsp.a(alt_irq_entry.o)
 *(.exceptions.irqhandler.user)
 *(.exceptions.irqhandler)
 .exceptions.irqhandler
                0x00000084        0x4 ../display_bsp/\libhal_bsp.a(alt_irq_entry.o)
 *(.exceptions.irqreturn.user)
 *(.exceptions.irqreturn)
 .exceptions.irqreturn
                0x00000088        0x4 ../display_bsp/\libhal_bsp.a(alt_irq_entry.o)
 *(.exceptions.notirq.label)
 .exceptions.notirq.label
                0x0000008c        0x0 ../display_bsp/\libhal_bsp.a(alt_irq_entry.o)
 *(.exceptions.notirq.user)
 *(.exceptions.notirq)
 .exceptions.notirq
                0x0000008c        0x8 ../display_bsp/\libhal_bsp.a(alt_exception_entry.o)
 *(.exceptions.soft.user)
 *(.exceptions.soft)
 *(.exceptions.unknown.user)
 *(.exceptions.unknown)
 .exceptions.unknown
                0x00000094        0x4 ../display_bsp/\libhal_bsp.a(alt_exception_entry.o)
 *(.exceptions.exit.label)
 .exceptions.exit.label
                0x00000098        0x0 ../display_bsp/\libhal_bsp.a(alt_irq_entry.o)
 .exceptions.exit.label
                0x00000098        0x0 ../display_bsp/\libhal_bsp.a(alt_exception_entry.o)
 *(.exceptions.exit.user)
 *(.exceptions.exit)
 .exceptions.exit
                0x00000098       0x54 ../display_bsp/\libhal_bsp.a(alt_exception_entry.o)
 *(.exceptions)
 .exceptions    0x000000ec       0xcc ../display_bsp/\libhal_bsp.a(alt_irq_handler.o)
                0x000000ec                alt_irq_handler
                0x000001b8                PROVIDE (__ram_exceptions_end, ABSOLUTE (.))
                0x00000020                PROVIDE (__flash_exceptions_start, LOADADDR (.exceptions))

.text           0x000001b8     0x6730
                0x000001b8                PROVIDE (stext, ABSOLUTE (.))
 *(.interp)
 *(.hash)
 *(.dynsym)
 *(.dynstr)
 *(.gnu.version)
 *(.gnu.version_d)
 *(.gnu.version_r)
 *(.rel.init)
 *(.rela.init)
 *(.rel.text .rel.text.* .rel.gnu.linkonce.t.*)
 *(.rela.text .rela.text.* .rela.gnu.linkonce.t.*)
 *(.rel.fini)
 *(.rela.fini)
 *(.rel.rodata .rel.rodata.* .rel.gnu.linkonce.r.*)
 *(.rela.rodata .rela.rodata.* .rela.gnu.linkonce.r.*)
 *(.rel.data .rel.data.* .rel.gnu.linkonce.d.*)
 *(.rela.data .rela.data.* .rela.gnu.linkonce.d.*)
 *(.rel.tdata .rel.tdata.* .rel.gnu.linkonce.td.*)
 *(.rela.tdata .rela.tdata.* .rela.gnu.linkonce.td.*)
 *(.rel.tbss .rel.tbss.* .rel.gnu.linkonce.tb.*)
 *(.rela.tbss .rela.tbss.* .rela.gnu.linkonce.tb.*)
 *(.rel.ctors)
 *(.rela.ctors)
 *(.rel.dtors)
 *(.rela.dtors)
 *(.rel.got)
 *(.rela.got)
 *(.rel.sdata .rel.sdata.* .rel.gnu.linkonce.s.*)
 *(.rela.sdata .rela.sdata.* .rela.gnu.linkonce.s.*)
 *(.rel.sbss .rel.sbss.* .rel.gnu.linkonce.sb.*)
 *(.rela.sbss .rela.sbss.* .rela.gnu.linkonce.sb.*)
 *(.rel.sdata2 .rel.sdata2.* .rel.gnu.linkonce.s2.*)
 *(.rela.sdata2 .rela.sdata2.* .rela.gnu.linkonce.s2.*)
 *(.rel.sbss2 .rel.sbss2.* .rel.gnu.linkonce.sb2.*)
 *(.rela.sbss2 .rela.sbss2.* .rela.gnu.linkonce.sb2.*)
 *(.rel.bss .rel.bss.* .rel.gnu.linkonce.b.*)
 *(.rela.bss .rela.bss.* .rela.gnu.linkonce.b.*)
 *(.rel.plt)
 *(.rela.plt)
 *(.rel.dyn)
 *(.init)
 *(.plt)
 *(.text .stub .text.* .gnu.linkonce.t.*)
 .text          0x000001b8       0x3c ../display_bsp//obj/HAL/src/crt0.o
                0x000001b8                _start
 .text          0x000001f4      0x114 obj/default/hello_world.o
                0x000001f4                main
 .text          0x00000308       0x98 c:/altera/13.0sp1/nios2eds/bin/gnu/h-i686-mingw32/bin/../lib/gcc/nios2-elf/4.1.2/../../../../nios2-elf/lib\libc.a(lib_a-memset.o)
                0x00000308                memset
 .text          0x000003a0       0xec ../display_bsp/\libhal_bsp.a(alt_load.o)
                0x000003a0                alt_load
 .text          0x0000048c       0x6c ../display_bsp/\libhal_bsp.a(alt_main.o)
                0x0000048c                alt_main
 .text          0x000004f8      0x258 ../display_bsp/\libhal_bsp.a(alt_printf.o)
                0x000004f8                alt_printf
 .text          0x00000750       0x40 ../display_bsp/\libhal_bsp.a(alt_putchar.o)
                0x00000750                alt_putchar
 .text          0x00000790      0x460 ../display_bsp/\libhal_bsp.a(alt_sys_init.o)
                0x00000790                alt_irq_init
                0x000007c4                alt_sys_init
 .text          0x00000bf0      0x148 ../display_bsp/\libhal_bsp.a(altera_avalon_jtag_uart_fd.o)
                0x00000bf0                altera_avalon_jtag_uart_read_fd
                0x00000c48                altera_avalon_jtag_uart_write_fd
                0x00000ca0                altera_avalon_jtag_uart_close_fd
                0x00000ce8                altera_avalon_jtag_uart_ioctl_fd
 .text          0x00000d38      0x408 ../display_bsp/\libhal_bsp.a(altera_avalon_jtag_uart_init.o)
                0x00000d38                altera_avalon_jtag_uart_init
                0x000010cc                altera_avalon_jtag_uart_close
 .text          0x00001140       0xf4 ../display_bsp/\libhal_bsp.a(altera_avalon_jtag_uart_ioctl.o)
                0x00001140                altera_avalon_jtag_uart_ioctl
 .text          0x00001234      0x224 ../display_bsp/\libhal_bsp.a(altera_avalon_jtag_uart_read.o)
                0x00001234                altera_avalon_jtag_uart_read
 .text          0x00001458      0x240 ../display_bsp/\libhal_bsp.a(altera_avalon_jtag_uart_write.o)
                0x00001458                altera_avalon_jtag_uart_write
 .text          0x00001698       0xfc ../display_bsp/\libhal_bsp.a(altera_avalon_timer_sc.o)
                0x0000170c                alt_avalon_timer_sc_init
 .text          0x00001794      0x530 ../display_bsp/\libhal_bsp.a(altera_up_avalon_character_lcd.o)
                0x00001794                get_DDRAM_addr
                0x00001810                alt_up_character_lcd_send_cmd
                0x00001844                alt_up_character_lcd_init
                0x00001878                alt_up_character_lcd_open_dev
                0x000018b8                alt_up_character_lcd_write
                0x00001930                alt_up_character_lcd_string
                0x000019a8                alt_up_character_lcd_write_fd
                0x000019f4                alt_up_character_lcd_set_cursor_pos
                0x00001a6c                alt_up_character_lcd_shift_cursor
                0x00001b1c                alt_up_character_lcd_shift_display
                0x00001bcc                alt_up_character_lcd_erase_pos
                0x00001c5c                alt_up_character_lcd_cursor_off
                0x00001c90                alt_up_character_lcd_cursor_blink_on
 .text          0x00001cc4      0x394 ../display_bsp/\libhal_bsp.a(altera_up_avalon_irda.o)
                0x00001cc4                alt_up_irda_enable_read_interrupt
                0x00001d18                alt_up_irda_disable_read_interrupt
                0x00001d70                alt_up_irda_get_used_space_in_read_FIFO
                0x00001dac                alt_up_irda_get_available_space_in_write_FIFO
                0x00001dec                alt_up_irda_check_parity
                0x00001e3c                alt_up_irda_write_data
                0x00001e84                alt_up_irda_read_data
                0x00001ef8                alt_up_irda_read_fd
                0x00001f88                alt_up_irda_write_fd
                0x00002018                alt_up_irda_open_dev
 .text          0x00002058      0x700 ../display_bsp/\libhal_bsp.a(altera_up_avalon_ps2.o)
                0x00002058                read_RI_bit
                0x0000208c                read_RE_bit
                0x000020bc                read_CE_bit
                0x000020f0                read_num_bytes_available
                0x00002124                read_data_valid
                0x00002158                read_data_byte
                0x00002184                alt_up_ps2_init
                0x00002250                alt_up_ps2_enable_read_interrupt
                0x000022a4                alt_up_ps2_disable_read_interrupt
                0x000022fc                alt_up_ps2_write_data_byte
                0x00002374                alt_up_ps2_wait_for_ack
                0x000023e4                alt_up_ps2_write_data_byte_with_ack
                0x00002450                alt_up_ps2_read_data_byte_timeout
                0x00002500                alt_up_ps2_read_data_byte
                0x0000257c                alt_up_ps2_clear_fifo
                0x000025d4                alt_up_ps2_read_fd
                0x00002670                alt_up_ps2_write_fd
                0x00002718                alt_up_ps2_open_dev
 .text          0x00002758      0x398 ../display_bsp/\libhal_bsp.a(altera_up_avalon_rs232.o)
                0x00002758                alt_up_rs232_enable_read_interrupt
                0x000027ac                alt_up_rs232_disable_read_interrupt
                0x00002804                alt_up_rs232_get_used_space_in_read_FIFO
                0x00002840                alt_up_rs232_get_available_space_in_write_FIFO
                0x00002880                alt_up_rs232_check_parity
                0x000028d0                alt_up_rs232_write_data
                0x00002918                alt_up_rs232_read_data
                0x0000298c                alt_up_rs232_read_fd
                0x00002a1c                alt_up_rs232_write_fd
                0x00002ab0                alt_up_rs232_open_dev
 .text          0x00002af0      0x304 ../display_bsp/\libhal_bsp.a(altera_up_avalon_video_character_buffer_with_dma.o)
                0x00002af0                alt_up_char_buffer_init
                0x00002b74                alt_up_char_buffer_open_dev
                0x00002bb4                alt_up_char_buffer_draw
                0x00002c84                alt_up_char_buffer_string
                0x00002d98                alt_up_char_buffer_clear
 .text          0x00002df4      0x154 ../display_bsp/\libhal_bsp.a(alt_alarm_start.o)
                0x00002df4                alt_alarm_start
 .text          0x00002f48      0x15c ../display_bsp/\libhal_bsp.a(alt_close.o)
                0x00002f48                close
 .text          0x000030a4       0x1c ../display_bsp/\libhal_bsp.a(alt_dcache_flush_all.o)
                0x000030a4                alt_dcache_flush_all
 .text          0x000030c0       0x2c ../display_bsp/\libhal_bsp.a(alt_dev.o)
 .text          0x000030ec      0x114 ../display_bsp/\libhal_bsp.a(alt_dev_llist_insert.o)
                0x000030ec                alt_dev_llist_insert
 .text          0x00003200       0x64 ../display_bsp/\libhal_bsp.a(alt_do_ctors.o)
                0x00003200                _do_ctors
 .text          0x00003264       0x64 ../display_bsp/\libhal_bsp.a(alt_do_dtors.o)
                0x00003264                _do_dtors
 .text          0x000032c8        0x0 ../display_bsp/\libhal_bsp.a(alt_errno.o)
 .text          0x000032c8       0x94 ../display_bsp/\libhal_bsp.a(alt_find_dev.o)
                0x000032c8                alt_find_dev
 .text          0x0000335c       0x30 ../display_bsp/\libhal_bsp.a(alt_icache_flush_all.o)
                0x0000335c                alt_icache_flush_all
 .text          0x0000338c      0x13c ../display_bsp/\libhal_bsp.a(alt_io_redirect.o)
                0x00003450                alt_io_redirect
 .text          0x000034c8      0x1c0 ../display_bsp/\libhal_bsp.a(alt_irq_register.o)
                0x000034c8                alt_irq_register
 .text          0x00003688        0x0 ../display_bsp/\libhal_bsp.a(alt_irq_vars.o)
 .text          0x00003688      0x2c4 ../display_bsp/\libhal_bsp.a(alt_open.o)
                0x00003764                open
 .text          0x0000394c       0x60 ../display_bsp/\libhal_bsp.a(alt_release_fd.o)
                0x0000394c                alt_release_fd
 .text          0x000039ac      0x1a4 ../display_bsp/\libhal_bsp.a(alt_tick.o)
                0x000039ac                alt_alarm_stop
                0x00003a44                alt_tick
 .text          0x00003b50       0x20 ../display_bsp/\libhal_bsp.a(altera_nios2_qsys_irq.o)
                0x00003b50                altera_nios2_qsys_irq_init
 .text          0x00003b70      0x120 ../display_bsp/\libhal_bsp.a(alt_find_file.o)
                0x00003b70                alt_find_file
 .text          0x00003c90       0xb8 ../display_bsp/\libhal_bsp.a(alt_get_fd.o)
                0x00003c90                alt_get_fd
 .text          0x00003d48       0x90 ../display_bsp/\libhal_bsp.a(alt_icache_flush.o)
                0x00003d48                alt_icache_flush
 .text          0x00003dd8        0x0 ../display_bsp/\libhal_bsp.a(alt_irq_entry.o)
 .text          0x00003dd8        0x0 ../display_bsp/\libhal_bsp.a(alt_irq_handler.o)
 .text          0x00003dd8        0x0 ../display_bsp/\libhal_bsp.a(alt_exception_entry.o)
 .text          0x00003dd8       0x14 c:/altera/13.0sp1/nios2eds/bin/gnu/h-i686-mingw32/bin/../lib/gcc/nios2-elf/4.1.2/../../../../nios2-elf/lib\libc.a(lib_a-atexit.o)
                0x00003dd8                atexit
 .text          0x00003dec       0x38 c:/altera/13.0sp1/nios2eds/bin/gnu/h-i686-mingw32/bin/../lib/gcc/nios2-elf/4.1.2/../../../../nios2-elf/lib\libc.a(lib_a-exit.o)
                0x00003dec                exit
 .text          0x00003e24        0x0 c:/altera/13.0sp1/nios2eds/bin/gnu/h-i686-mingw32/bin/../lib/gcc/nios2-elf/4.1.2/../../../../nios2-elf/lib\libc.a(lib_a-impure.o)
 .text          0x00003e24        0x0 c:/altera/13.0sp1/nios2eds/bin/gnu/h-i686-mingw32/bin/../lib/gcc/nios2-elf/4.1.2/../../../../nios2-elf/lib\libc.a(lib_a-int_errno.o)
 .text          0x00003e24       0x74 c:/altera/13.0sp1/nios2eds/bin/gnu/h-i686-mingw32/bin/../lib/gcc/nios2-elf/4.1.2/../../../../nios2-elf/lib\libc.a(lib_a-memcmp.o)
                0x00003e24                memcmp
 .text          0x00003e98       0xa0 c:/altera/13.0sp1/nios2eds/bin/gnu/h-i686-mingw32/bin/../lib/gcc/nios2-elf/4.1.2/../../../../nios2-elf/lib\libc.a(lib_a-memcpy.o)
                0x00003e98                memcpy
 .text          0x00003f38      0x1ec c:/altera/13.0sp1/nios2eds/bin/gnu/h-i686-mingw32/bin/../lib/gcc/nios2-elf/4.1.2/../../../../nios2-elf/lib\libc.a(lib_a-putc.o)
                0x00003f38                putc
                0x0000403c                _putc_r
 .text          0x00004124       0xbc c:/altera/13.0sp1/nios2eds/bin/gnu/h-i686-mingw32/bin/../lib/gcc/nios2-elf/4.1.2/../../../../nios2-elf/lib\libc.a(lib_a-strcmp.o)
                0x00004124                strcmp
 .text          0x000041e0       0x74 c:/altera/13.0sp1/nios2eds/bin/gnu/h-i686-mingw32/bin/../lib/gcc/nios2-elf/4.1.2/../../../../nios2-elf/lib\libc.a(lib_a-strlen.o)
                0x000041e0                strlen
 .text          0x00004254      0x14c c:/altera/13.0sp1/nios2eds/bin/gnu/h-i686-mingw32/bin/../lib/gcc/nios2-elf/4.1.2/../../../../nios2-elf/lib\libc.a(lib_a-wbuf.o)
                0x00004254                __swbuf_r
                0x00004384                __swbuf
 .text          0x000043a0      0x13c c:/altera/13.0sp1/nios2eds/bin/gnu/h-i686-mingw32/bin/../lib/gcc/nios2-elf/4.1.2/../../../../nios2-elf/lib\libc.a(lib_a-wsetup.o)
                0x000043a0                __swsetup_r
 .text          0x000044dc      0x134 c:/altera/13.0sp1/nios2eds/bin/gnu/h-i686-mingw32/bin/../lib/gcc/nios2-elf/4.1.2/../../../../nios2-elf/lib\libc.a(lib_a-__atexit.o)
                0x000044dc                __register_exitproc
 .text          0x00004610      0x1b4 c:/altera/13.0sp1/nios2eds/bin/gnu/h-i686-mingw32/bin/../lib/gcc/nios2-elf/4.1.2/../../../../nios2-elf/lib\libc.a(lib_a-__call_atexit.o)
                0x00004614                __call_exitprocs
 .text          0x000047c4      0x230 c:/altera/13.0sp1/nios2eds/bin/gnu/h-i686-mingw32/bin/../lib/gcc/nios2-elf/4.1.2/../../../../nios2-elf/lib\libc.a(lib_a-fflush.o)
                0x000047c4                _fflush_r
                0x000049c0                fflush
 .text          0x000049f4      0x2c0 c:/altera/13.0sp1/nios2eds/bin/gnu/h-i686-mingw32/bin/../lib/gcc/nios2-elf/4.1.2/../../../../nios2-elf/lib\libc.a(lib_a-findfp.o)
                0x00004a4c                __sfp_lock_acquire
                0x00004a50                __sfp_lock_release
                0x00004a54                __sinit_lock_acquire
                0x00004a58                __sinit_lock_release
                0x00004a5c                __sinit
                0x00004b10                __fp_unlock_all
                0x00004b28                __fp_lock_all
                0x00004b40                _cleanup_r
                0x00004b4c                _cleanup
                0x00004b5c                __sfmoreglue
                0x00004bc4                __sfp
 .text          0x00004cb4      0x440 c:/altera/13.0sp1/nios2eds/bin/gnu/h-i686-mingw32/bin/../lib/gcc/nios2-elf/4.1.2/../../../../nios2-elf/lib\libc.a(lib_a-freer.o)
                0x00004cb4                _malloc_trim_r
                0x00004de0                _free_r
 .text          0x000050f4      0x180 c:/altera/13.0sp1/nios2eds/bin/gnu/h-i686-mingw32/bin/../lib/gcc/nios2-elf/4.1.2/../../../../nios2-elf/lib\libc.a(lib_a-fwalk.o)
                0x000050f4                _fwalk_reent
                0x000051bc                _fwalk
 .text          0x00005274      0x194 c:/altera/13.0sp1/nios2eds/bin/gnu/h-i686-mingw32/bin/../lib/gcc/nios2-elf/4.1.2/../../../../nios2-elf/lib\libc.a(lib_a-makebuf.o)
                0x00005274                __smakebuf_r
 .text          0x00005408      0x740 c:/altera/13.0sp1/nios2eds/bin/gnu/h-i686-mingw32/bin/../lib/gcc/nios2-elf/4.1.2/../../../../nios2-elf/lib\libc.a(lib_a-mallocr.o)
                0x00005408                _malloc_r
 .text          0x00005b48       0x70 c:/altera/13.0sp1/nios2eds/bin/gnu/h-i686-mingw32/bin/../lib/gcc/nios2-elf/4.1.2/../../../../nios2-elf/lib\libc.a(lib_a-sbrkr.o)
                0x00005b48                _sbrk_r
 .text          0x00005bb8      0x14c c:/altera/13.0sp1/nios2eds/bin/gnu/h-i686-mingw32/bin/../lib/gcc/nios2-elf/4.1.2/../../../../nios2-elf/lib\libc.a(lib_a-stdio.o)
                0x00005bb8                __sclose
                0x00005bc0                __sseek
                0x00005c28                __swrite
                0x00005ca4                __sread
 .text          0x00005d04       0x78 c:/altera/13.0sp1/nios2eds/bin/gnu/h-i686-mingw32/bin/../lib/gcc/nios2-elf/4.1.2/../../../../nios2-elf/lib\libc.a(lib_a-writer.o)
                0x00005d04                _write_r
 .text          0x00005d7c       0x70 c:/altera/13.0sp1/nios2eds/bin/gnu/h-i686-mingw32/bin/../lib/gcc/nios2-elf/4.1.2/../../../../nios2-elf/lib\libc.a(lib_a-closer.o)
                0x00005d7c                _close_r
 .text          0x00005dec      0x124 c:/altera/13.0sp1/nios2eds/bin/gnu/h-i686-mingw32/bin/../lib/gcc/nios2-elf/4.1.2/../../../../nios2-elf/lib\libc.a(lib_a-fclose.o)
                0x00005dec                _fclose_r
                0x00005efc                fclose
 .text          0x00005f10       0x74 c:/altera/13.0sp1/nios2eds/bin/gnu/h-i686-mingw32/bin/../lib/gcc/nios2-elf/4.1.2/../../../../nios2-elf/lib\libc.a(lib_a-fstatr.o)
                0x00005f10                _fstat_r
 .text          0x00005f84       0x70 c:/altera/13.0sp1/nios2eds/bin/gnu/h-i686-mingw32/bin/../lib/gcc/nios2-elf/4.1.2/../../../../nios2-elf/lib\libc.a(lib_a-isattyr.o)
                0x00005f84                _isatty_r
 .text          0x00005ff4       0x78 c:/altera/13.0sp1/nios2eds/bin/gnu/h-i686-mingw32/bin/../lib/gcc/nios2-elf/4.1.2/../../../../nios2-elf/lib\libc.a(lib_a-lseekr.o)
                0x00005ff4                _lseek_r
 .text          0x0000606c       0x78 c:/altera/13.0sp1/nios2eds/bin/gnu/h-i686-mingw32/bin/../lib/gcc/nios2-elf/4.1.2/../../../../nios2-elf/lib\libc.a(lib_a-readr.o)
                0x0000606c                _read_r
 .text          0x000060e4       0x60 ../display_bsp/\libhal_bsp.a(alt_exit.o)
                0x00006124                _exit
 .text          0x00006144      0x134 ../display_bsp/\libhal_bsp.a(alt_fstat.o)
                0x00006144                fstat
 .text          0x00006278      0x120 ../display_bsp/\libhal_bsp.a(alt_isatty.o)
                0x00006278                isatty
 .text          0x00006398      0x150 ../display_bsp/\libhal_bsp.a(alt_lseek.o)
                0x00006398                lseek
 .text          0x000064e8       0x40 ../display_bsp/\libhal_bsp.a(alt_malloc_lock.o)
                0x000064e8                __malloc_lock
                0x00006508                __malloc_unlock
 .text          0x00006528      0x180 ../display_bsp/\libhal_bsp.a(alt_read.o)
                0x00006528                read
 .text          0x000066a8       0xbc ../display_bsp/\libhal_bsp.a(alt_sbrk.o)
                0x000066a8                sbrk
 .text          0x00006764      0x180 ../display_bsp/\libhal_bsp.a(alt_write.o)
                0x00006764                write
 *(.gnu.warning.*)
 *(.fini)
                0x000068e4                PROVIDE (__etext, ABSOLUTE (.))
                0x000068e4                PROVIDE (_etext, ABSOLUTE (.))
                0x000068e4                PROVIDE (etext, ABSOLUTE (.))
 *(.eh_frame_hdr)
                0x000068e4                . = ALIGN (0x4)
                0x000068e4                PROVIDE (__preinit_array_start, ABSOLUTE (.))
 *(.preinit_array)
                0x000068e4                PROVIDE (__preinit_array_end, ABSOLUTE (.))
                0x000068e4                PROVIDE (__init_array_start, ABSOLUTE (.))
 *(.init_array)
                0x000068e4                PROVIDE (__init_array_end, ABSOLUTE (.))
                0x000068e4                PROVIDE (__fini_array_start, ABSOLUTE (.))
 *(.fini_array)
                0x000068e4                PROVIDE (__fini_array_end, ABSOLUTE (.))
 *(.eh_frame)
 *(.gcc_except_table)
 *(.dynamic)
                0x000068e4                PROVIDE (__CTOR_LIST__, ABSOLUTE (.))
 *(.ctors)
 *(SORT(.ctors.*))
 .ctors.65535   0x000068e4        0x4 c:/altera/13.0sp1/nios2eds/bin/gnu/h-i686-mingw32/bin/../lib/gcc/nios2-elf/4.1.2/../../../../nios2-elf/lib\libc.a(lib_a-__call_atexit.o)
                0x000068e8                PROVIDE (__CTOR_END__, ABSOLUTE (.))
                0x000068e8                PROVIDE (__DTOR_LIST__, ABSOLUTE (.))
 *(.dtors)
 *(SORT(.dtors.*))
                0x000068e8                PROVIDE (__DTOR_END__, ABSOLUTE (.))
 *(.jcr)
                0x000068e8                . = ALIGN (0x4)

.rodata         0x000068e8      0x254
                0x000068e8                PROVIDE (__ram_rodata_start, ABSOLUTE (.))
                0x000068e8                . = ALIGN (0x4)
 *(.rodata .rodata.* .gnu.linkonce.r.*)
 .rodata        0x000068e8       0xb0 obj/default/hello_world.o
 .rodata        0x00006998       0x10 ../display_bsp/\libhal_bsp.a(alt_main.o)
 .rodata        0x000069a8      0x168 ../display_bsp/\libhal_bsp.a(alt_sys_init.o)
 .rodata        0x00006b10       0x1c ../display_bsp/\libhal_bsp.a(altera_up_avalon_video_character_buffer_with_dma.o)
 .rodata        0x00006b2c        0xc ../display_bsp/\libhal_bsp.a(alt_dev.o)
 .rodata.str1.4
                0x00006b38        0x4 c:/altera/13.0sp1/nios2eds/bin/gnu/h-i686-mingw32/bin/../lib/gcc/nios2-elf/4.1.2/../../../../nios2-elf/lib\libc.a(lib_a-impure.o)
 *(.rodata1)
                0x00006b3c                . = ALIGN (0x4)
                0x00006b3c                PROVIDE (__ram_rodata_end, ABSOLUTE (.))
                0x000068e8                PROVIDE (__flash_rodata_start, LOADADDR (.rodata))

.rwdata         0x00006b3c     0x1dcc load address 0x00008908
                0x00006b3c                PROVIDE (__ram_rwdata_start, ABSOLUTE (.))
                0x00006b3c                . = ALIGN (0x4)
 *(.got.plt)
 *(.got)
 *(.data1)
 *(.data .data.* .gnu.linkonce.d.*)
 .data          0x00006b3c        0x0 ../display_bsp//obj/HAL/src/crt0.o
 .data          0x00006b3c        0x0 obj/default/hello_world.o
 .data          0x00006b3c        0x0 c:/altera/13.0sp1/nios2eds/bin/gnu/h-i686-mingw32/bin/../lib/gcc/nios2-elf/4.1.2/../../../../nios2-elf/lib\libc.a(lib_a-memset.o)
 .data          0x00006b3c        0x0 ../display_bsp/\libhal_bsp.a(alt_load.o)
 .data          0x00006b3c        0x0 ../display_bsp/\libhal_bsp.a(alt_main.o)
 .data          0x00006b3c        0x0 ../display_bsp/\libhal_bsp.a(alt_printf.o)
 .data          0x00006b3c        0x0 ../display_bsp/\libhal_bsp.a(alt_putchar.o)
 .data          0x00006b3c     0x13e4 ../display_bsp/\libhal_bsp.a(alt_sys_init.o)
 .data          0x00007f20        0x0 ../display_bsp/\libhal_bsp.a(altera_avalon_jtag_uart_fd.o)
 .data          0x00007f20        0x0 ../display_bsp/\libhal_bsp.a(altera_avalon_jtag_uart_init.o)
 .data          0x00007f20        0x0 ../display_bsp/\libhal_bsp.a(altera_avalon_jtag_uart_ioctl.o)
 .data          0x00007f20        0x0 ../display_bsp/\libhal_bsp.a(altera_avalon_jtag_uart_read.o)
 .data          0x00007f20        0x0 ../display_bsp/\libhal_bsp.a(altera_avalon_jtag_uart_write.o)
 .data          0x00007f20        0x0 ../display_bsp/\libhal_bsp.a(altera_avalon_timer_sc.o)
 .data          0x00007f20        0x0 ../display_bsp/\libhal_bsp.a(altera_up_avalon_character_lcd.o)
 .data          0x00007f20        0x0 ../display_bsp/\libhal_bsp.a(altera_up_avalon_irda.o)
 .data          0x00007f20        0x0 ../display_bsp/\libhal_bsp.a(altera_up_avalon_ps2.o)
 .data          0x00007f20        0x0 ../display_bsp/\libhal_bsp.a(altera_up_avalon_rs232.o)
 .data          0x00007f20        0x0 ../display_bsp/\libhal_bsp.a(altera_up_avalon_video_character_buffer_with_dma.o)
 .data          0x00007f20        0x0 ../display_bsp/\libhal_bsp.a(alt_alarm_start.o)
 .data          0x00007f20        0x0 ../display_bsp/\libhal_bsp.a(alt_close.o)
 .data          0x00007f20        0x0 ../display_bsp/\libhal_bsp.a(alt_dcache_flush_all.o)
 .data          0x00007f20      0x1a8 ../display_bsp/\libhal_bsp.a(alt_dev.o)
                0x00007f20                alt_dev_null
                0x00007f48                alt_fd_list
 .data          0x000080c8        0x0 ../display_bsp/\libhal_bsp.a(alt_dev_llist_insert.o)
 .data          0x000080c8        0x0 ../display_bsp/\libhal_bsp.a(alt_do_ctors.o)
 .data          0x000080c8        0x0 ../display_bsp/\libhal_bsp.a(alt_do_dtors.o)
 .data          0x000080c8        0x0 ../display_bsp/\libhal_bsp.a(alt_errno.o)
 .data          0x000080c8        0x0 ../display_bsp/\libhal_bsp.a(alt_find_dev.o)
 .data          0x000080c8        0x0 ../display_bsp/\libhal_bsp.a(alt_icache_flush_all.o)
 .data          0x000080c8        0x0 ../display_bsp/\libhal_bsp.a(alt_io_redirect.o)
 .data          0x000080c8        0x0 ../display_bsp/\libhal_bsp.a(alt_irq_register.o)
 .data          0x000080c8        0x0 ../display_bsp/\libhal_bsp.a(alt_irq_vars.o)
 .data          0x000080c8        0x0 ../display_bsp/\libhal_bsp.a(alt_open.o)
 .data          0x000080c8        0x0 ../display_bsp/\libhal_bsp.a(alt_release_fd.o)
 .data          0x000080c8        0x0 ../display_bsp/\libhal_bsp.a(alt_tick.o)
 .data          0x000080c8        0x0 ../display_bsp/\libhal_bsp.a(altera_nios2_qsys_irq.o)
 .data          0x000080c8        0x0 ../display_bsp/\libhal_bsp.a(alt_find_file.o)
 .data          0x000080c8        0x0 ../display_bsp/\libhal_bsp.a(alt_get_fd.o)
 .data          0x000080c8        0x0 ../display_bsp/\libhal_bsp.a(alt_icache_flush.o)
 .data          0x000080c8        0x0 ../display_bsp/\libhal_bsp.a(alt_irq_entry.o)
 .data          0x000080c8        0x0 ../display_bsp/\libhal_bsp.a(alt_irq_handler.o)
 .data          0x000080c8        0x0 ../display_bsp/\libhal_bsp.a(alt_exception_entry.o)
 .data          0x000080c8        0x0 c:/altera/13.0sp1/nios2eds/bin/gnu/h-i686-mingw32/bin/../lib/gcc/nios2-elf/4.1.2/../../../../nios2-elf/lib\libc.a(lib_a-atexit.o)
 .data          0x000080c8        0x0 c:/altera/13.0sp1/nios2eds/bin/gnu/h-i686-mingw32/bin/../lib/gcc/nios2-elf/4.1.2/../../../../nios2-elf/lib\libc.a(lib_a-exit.o)
 .data          0x000080c8      0x400 c:/altera/13.0sp1/nios2eds/bin/gnu/h-i686-mingw32/bin/../lib/gcc/nios2-elf/4.1.2/../../../../nios2-elf/lib\libc.a(lib_a-impure.o)
 .data          0x000084c8        0x0 c:/altera/13.0sp1/nios2eds/bin/gnu/h-i686-mingw32/bin/../lib/gcc/nios2-elf/4.1.2/../../../../nios2-elf/lib\libc.a(lib_a-int_errno.o)
 .data          0x000084c8        0x0 c:/altera/13.0sp1/nios2eds/bin/gnu/h-i686-mingw32/bin/../lib/gcc/nios2-elf/4.1.2/../../../../nios2-elf/lib\libc.a(lib_a-memcmp.o)
 .data          0x000084c8        0x0 c:/altera/13.0sp1/nios2eds/bin/gnu/h-i686-mingw32/bin/../lib/gcc/nios2-elf/4.1.2/../../../../nios2-elf/lib\libc.a(lib_a-memcpy.o)
 .data          0x000084c8        0x0 c:/altera/13.0sp1/nios2eds/bin/gnu/h-i686-mingw32/bin/../lib/gcc/nios2-elf/4.1.2/../../../../nios2-elf/lib\libc.a(lib_a-putc.o)
 .data          0x000084c8        0x0 c:/altera/13.0sp1/nios2eds/bin/gnu/h-i686-mingw32/bin/../lib/gcc/nios2-elf/4.1.2/../../../../nios2-elf/lib\libc.a(lib_a-strcmp.o)
 .data          0x000084c8        0x0 c:/altera/13.0sp1/nios2eds/bin/gnu/h-i686-mingw32/bin/../lib/gcc/nios2-elf/4.1.2/../../../../nios2-elf/lib\libc.a(lib_a-strlen.o)
 .data          0x000084c8        0x0 c:/altera/13.0sp1/nios2eds/bin/gnu/h-i686-mingw32/bin/../lib/gcc/nios2-elf/4.1.2/../../../../nios2-elf/lib\libc.a(lib_a-wbuf.o)
 .data          0x000084c8        0x0 c:/altera/13.0sp1/nios2eds/bin/gnu/h-i686-mingw32/bin/../lib/gcc/nios2-elf/4.1.2/../../../../nios2-elf/lib\libc.a(lib_a-wsetup.o)
 .data          0x000084c8        0x0 c:/altera/13.0sp1/nios2eds/bin/gnu/h-i686-mingw32/bin/../lib/gcc/nios2-elf/4.1.2/../../../../nios2-elf/lib\libc.a(lib_a-__atexit.o)
 .data          0x000084c8        0x0 c:/altera/13.0sp1/nios2eds/bin/gnu/h-i686-mingw32/bin/../lib/gcc/nios2-elf/4.1.2/../../../../nios2-elf/lib\libc.a(lib_a-__call_atexit.o)
 .data          0x000084c8        0x0 c:/altera/13.0sp1/nios2eds/bin/gnu/h-i686-mingw32/bin/../lib/gcc/nios2-elf/4.1.2/../../../../nios2-elf/lib\libc.a(lib_a-fflush.o)
 .data          0x000084c8        0x0 c:/altera/13.0sp1/nios2eds/bin/gnu/h-i686-mingw32/bin/../lib/gcc/nios2-elf/4.1.2/../../../../nios2-elf/lib\libc.a(lib_a-findfp.o)
 .data          0x000084c8        0x0 c:/altera/13.0sp1/nios2eds/bin/gnu/h-i686-mingw32/bin/../lib/gcc/nios2-elf/4.1.2/../../../../nios2-elf/lib\libc.a(lib_a-freer.o)
 .data          0x000084c8        0x0 c:/altera/13.0sp1/nios2eds/bin/gnu/h-i686-mingw32/bin/../lib/gcc/nios2-elf/4.1.2/../../../../nios2-elf/lib\libc.a(lib_a-fwalk.o)
 .data          0x000084c8        0x0 c:/altera/13.0sp1/nios2eds/bin/gnu/h-i686-mingw32/bin/../lib/gcc/nios2-elf/4.1.2/../../../../nios2-elf/lib\libc.a(lib_a-makebuf.o)
 .data          0x000084c8      0x408 c:/altera/13.0sp1/nios2eds/bin/gnu/h-i686-mingw32/bin/../lib/gcc/nios2-elf/4.1.2/../../../../nios2-elf/lib\libc.a(lib_a-mallocr.o)
                0x000084c8                __malloc_av_
 .data          0x000088d0        0x0 c:/altera/13.0sp1/nios2eds/bin/gnu/h-i686-mingw32/bin/../lib/gcc/nios2-elf/4.1.2/../../../../nios2-elf/lib\libc.a(lib_a-sbrkr.o)
 .data          0x000088d0        0x0 c:/altera/13.0sp1/nios2eds/bin/gnu/h-i686-mingw32/bin/../lib/gcc/nios2-elf/4.1.2/../../../../nios2-elf/lib\libc.a(lib_a-stdio.o)
 .data          0x000088d0        0x0 c:/altera/13.0sp1/nios2eds/bin/gnu/h-i686-mingw32/bin/../lib/gcc/nios2-elf/4.1.2/../../../../nios2-elf/lib\libc.a(lib_a-writer.o)
 .data          0x000088d0        0x0 c:/altera/13.0sp1/nios2eds/bin/gnu/h-i686-mingw32/bin/../lib/gcc/nios2-elf/4.1.2/../../../../nios2-elf/lib\libc.a(lib_a-closer.o)
 .data          0x000088d0        0x0 c:/altera/13.0sp1/nios2eds/bin/gnu/h-i686-mingw32/bin/../lib/gcc/nios2-elf/4.1.2/../../../../nios2-elf/lib\libc.a(lib_a-fclose.o)
 .data          0x000088d0        0x0 c:/altera/13.0sp1/nios2eds/bin/gnu/h-i686-mingw32/bin/../lib/gcc/nios2-elf/4.1.2/../../../../nios2-elf/lib\libc.a(lib_a-fstatr.o)
 .data          0x000088d0        0x0 c:/altera/13.0sp1/nios2eds/bin/gnu/h-i686-mingw32/bin/../lib/gcc/nios2-elf/4.1.2/../../../../nios2-elf/lib\libc.a(lib_a-isattyr.o)
 .data          0x000088d0        0x0 c:/altera/13.0sp1/nios2eds/bin/gnu/h-i686-mingw32/bin/../lib/gcc/nios2-elf/4.1.2/../../../../nios2-elf/lib\libc.a(lib_a-lseekr.o)
 .data          0x000088d0        0x0 c:/altera/13.0sp1/nios2eds/bin/gnu/h-i686-mingw32/bin/../lib/gcc/nios2-elf/4.1.2/../../../../nios2-elf/lib\libc.a(lib_a-readr.o)
 .data          0x000088d0        0x0 ../display_bsp/\libhal_bsp.a(alt_exit.o)
 .data          0x000088d0        0x0 ../display_bsp/\libhal_bsp.a(alt_fstat.o)
 .data          0x000088d0        0x0 ../display_bsp/\libhal_bsp.a(alt_isatty.o)
 .data          0x000088d0        0x0 ../display_bsp/\libhal_bsp.a(alt_lseek.o)
 .data          0x000088d0        0x0 ../display_bsp/\libhal_bsp.a(alt_malloc_lock.o)
 .data          0x000088d0        0x0 ../display_bsp/\libhal_bsp.a(alt_read.o)
 .data          0x000088d0        0x0 ../display_bsp/\libhal_bsp.a(alt_sbrk.o)
 .data          0x000088d0        0x0 ../display_bsp/\libhal_bsp.a(alt_write.o)
                0x000108d0                _gp = ABSOLUTE ((. + 0x8000))
                0x000108d0                PROVIDE (gp, _gp)
 *(.rwdata .rwdata.*)
 *(.sdata .sdata.* .gnu.linkonce.s.*)
 .sdata         0x000088d0       0x14 ../display_bsp/\libhal_bsp.a(alt_dev.o)
                0x000088d0                alt_fs_list
                0x000088d8                alt_dev_list
                0x000088e0                alt_max_fd
 .sdata         0x000088e4        0x4 ../display_bsp/\libhal_bsp.a(alt_errno.o)
                0x000088e4                alt_errno
 .sdata         0x000088e8        0x4 ../display_bsp/\libhal_bsp.a(alt_irq_vars.o)
                0x000088e8                alt_priority_mask
 .sdata         0x000088ec        0x8 ../display_bsp/\libhal_bsp.a(alt_tick.o)
                0x000088ec                alt_alarm_list
 .sdata         0x000088f4        0x8 c:/altera/13.0sp1/nios2eds/bin/gnu/h-i686-mingw32/bin/../lib/gcc/nios2-elf/4.1.2/../../../../nios2-elf/lib\libc.a(lib_a-impure.o)
                0x000088f4                _impure_ptr
                0x000088f8                _global_impure_ptr
 .sdata         0x000088fc        0x8 c:/altera/13.0sp1/nios2eds/bin/gnu/h-i686-mingw32/bin/../lib/gcc/nios2-elf/4.1.2/../../../../nios2-elf/lib\libc.a(lib_a-mallocr.o)
                0x000088fc                __malloc_trim_threshold
                0x00008900                __malloc_sbrk_base
 .sdata         0x00008904        0x4 ../display_bsp/\libhal_bsp.a(alt_sbrk.o)
 *(.sdata2 .sdata2.* .gnu.linkonce.s2.*)
                0x00008908                . = ALIGN (0x4)
                0x00008908                _edata = ABSOLUTE (.)
                0x00008908                PROVIDE (edata, ABSOLUTE (.))
                0x00008908                PROVIDE (__ram_rwdata_end, ABSOLUTE (.))
                0x00008908                PROVIDE (__flash_rwdata_start, LOADADDR (.rwdata))

.bss            0x0000a6d4      0x2e0
                0x0000a6d4                __bss_start = ABSOLUTE (.)
                0x0000a6d4                PROVIDE (__sbss_start, ABSOLUTE (.))
                0x0000a6d4                PROVIDE (___sbss_start, ABSOLUTE (.))
 *(.dynsbss)
 *(.sbss .sbss.* .gnu.linkonce.sb.*)
 .sbss          0x0000a6d4        0xc ../display_bsp/\libhal_bsp.a(alt_main.o)
                0x0000a6d4                alt_argc
                0x0000a6d8                alt_argv
                0x0000a6dc                alt_envp
 .sbss          0x0000a6e0        0x4 ../display_bsp/\libhal_bsp.a(alt_irq_vars.o)
                0x0000a6e0                alt_irq_active
 .sbss          0x0000a6e4        0x8 ../display_bsp/\libhal_bsp.a(alt_tick.o)
                0x0000a6e4                _alt_tick_rate
                0x0000a6e8                _alt_nticks
 .sbss          0x0000a6ec        0x4 c:/altera/13.0sp1/nios2eds/bin/gnu/h-i686-mingw32/bin/../lib/gcc/nios2-elf/4.1.2/../../../../nios2-elf/lib\libc.a(lib_a-int_errno.o)
                0x0000a6ec                errno
 .sbss          0x0000a6f0        0xc c:/altera/13.0sp1/nios2eds/bin/gnu/h-i686-mingw32/bin/../lib/gcc/nios2-elf/4.1.2/../../../../nios2-elf/lib\libc.a(lib_a-mallocr.o)
                0x0000a6f0                __malloc_top_pad
                0x0000a6f4                __malloc_max_sbrked_mem
                0x0000a6f8                __malloc_max_total_mem
 *(.sbss2 .sbss2.* .gnu.linkonce.sb2.*)
 *(.scommon)
                0x0000a6fc                PROVIDE (__sbss_end, ABSOLUTE (.))
                0x0000a6fc                PROVIDE (___sbss_end, ABSOLUTE (.))
 *(.dynbss)
 *(.bss .bss.* .gnu.linkonce.b.*)
 .bss           0x0000a6fc        0x0 ../display_bsp//obj/HAL/src/crt0.o
 .bss           0x0000a6fc        0x0 obj/default/hello_world.o
 .bss           0x0000a6fc        0x0 c:/altera/13.0sp1/nios2eds/bin/gnu/h-i686-mingw32/bin/../lib/gcc/nios2-elf/4.1.2/../../../../nios2-elf/lib\libc.a(lib_a-memset.o)
 .bss           0x0000a6fc        0x0 ../display_bsp/\libhal_bsp.a(alt_load.o)
 .bss           0x0000a6fc        0x0 ../display_bsp/\libhal_bsp.a(alt_main.o)
 .bss           0x0000a6fc        0x0 ../display_bsp/\libhal_bsp.a(alt_printf.o)
 .bss           0x0000a6fc        0x0 ../display_bsp/\libhal_bsp.a(alt_putchar.o)
 .bss           0x0000a6fc        0x0 ../display_bsp/\libhal_bsp.a(alt_sys_init.o)
 .bss           0x0000a6fc        0x0 ../display_bsp/\libhal_bsp.a(altera_avalon_jtag_uart_fd.o)
 .bss           0x0000a6fc        0x0 ../display_bsp/\libhal_bsp.a(altera_avalon_jtag_uart_init.o)
 .bss           0x0000a6fc        0x0 ../display_bsp/\libhal_bsp.a(altera_avalon_jtag_uart_ioctl.o)
 .bss           0x0000a6fc        0x0 ../display_bsp/\libhal_bsp.a(altera_avalon_jtag_uart_read.o)
 .bss           0x0000a6fc        0x0 ../display_bsp/\libhal_bsp.a(altera_avalon_jtag_uart_write.o)
 .bss           0x0000a6fc        0x0 ../display_bsp/\libhal_bsp.a(altera_avalon_timer_sc.o)
 .bss           0x0000a6fc        0x0 ../display_bsp/\libhal_bsp.a(altera_up_avalon_character_lcd.o)
 .bss           0x0000a6fc        0x0 ../display_bsp/\libhal_bsp.a(altera_up_avalon_irda.o)
 .bss           0x0000a6fc        0x0 ../display_bsp/\libhal_bsp.a(altera_up_avalon_ps2.o)
 .bss           0x0000a6fc        0x0 ../display_bsp/\libhal_bsp.a(altera_up_avalon_rs232.o)
 .bss           0x0000a6fc        0x0 ../display_bsp/\libhal_bsp.a(altera_up_avalon_video_character_buffer_with_dma.o)
 .bss           0x0000a6fc        0x0 ../display_bsp/\libhal_bsp.a(alt_alarm_start.o)
 .bss           0x0000a6fc        0x0 ../display_bsp/\libhal_bsp.a(alt_close.o)
 .bss           0x0000a6fc        0x0 ../display_bsp/\libhal_bsp.a(alt_dcache_flush_all.o)
 .bss           0x0000a6fc        0x0 ../display_bsp/\libhal_bsp.a(alt_dev.o)
 .bss           0x0000a6fc        0x0 ../display_bsp/\libhal_bsp.a(alt_dev_llist_insert.o)
 .bss           0x0000a6fc        0x0 ../display_bsp/\libhal_bsp.a(alt_do_ctors.o)
 .bss           0x0000a6fc        0x0 ../display_bsp/\libhal_bsp.a(alt_do_dtors.o)
 .bss           0x0000a6fc        0x0 ../display_bsp/\libhal_bsp.a(alt_errno.o)
 .bss           0x0000a6fc        0x0 ../display_bsp/\libhal_bsp.a(alt_find_dev.o)
 .bss           0x0000a6fc        0x0 ../display_bsp/\libhal_bsp.a(alt_icache_flush_all.o)
 .bss           0x0000a6fc        0x0 ../display_bsp/\libhal_bsp.a(alt_io_redirect.o)
 .bss           0x0000a6fc        0x0 ../display_bsp/\libhal_bsp.a(alt_irq_register.o)
 .bss           0x0000a6fc        0x0 ../display_bsp/\libhal_bsp.a(alt_irq_vars.o)
 .bss           0x0000a6fc        0x0 ../display_bsp/\libhal_bsp.a(alt_open.o)
 .bss           0x0000a6fc        0x0 ../display_bsp/\libhal_bsp.a(alt_release_fd.o)
 .bss           0x0000a6fc        0x0 ../display_bsp/\libhal_bsp.a(alt_tick.o)
 .bss           0x0000a6fc        0x0 ../display_bsp/\libhal_bsp.a(altera_nios2_qsys_irq.o)
 .bss           0x0000a6fc        0x0 ../display_bsp/\libhal_bsp.a(alt_find_file.o)
 .bss           0x0000a6fc        0x0 ../display_bsp/\libhal_bsp.a(alt_get_fd.o)
 .bss           0x0000a6fc        0x0 ../display_bsp/\libhal_bsp.a(alt_icache_flush.o)
 .bss           0x0000a6fc        0x0 ../display_bsp/\libhal_bsp.a(alt_irq_entry.o)
 .bss           0x0000a6fc        0x0 ../display_bsp/\libhal_bsp.a(alt_irq_handler.o)
 .bss           0x0000a6fc        0x0 ../display_bsp/\libhal_bsp.a(alt_exception_entry.o)
 .bss           0x0000a6fc        0x0 c:/altera/13.0sp1/nios2eds/bin/gnu/h-i686-mingw32/bin/../lib/gcc/nios2-elf/4.1.2/../../../../nios2-elf/lib\libc.a(lib_a-atexit.o)
 .bss           0x0000a6fc        0x0 c:/altera/13.0sp1/nios2eds/bin/gnu/h-i686-mingw32/bin/../lib/gcc/nios2-elf/4.1.2/../../../../nios2-elf/lib\libc.a(lib_a-exit.o)
 .bss           0x0000a6fc        0x0 c:/altera/13.0sp1/nios2eds/bin/gnu/h-i686-mingw32/bin/../lib/gcc/nios2-elf/4.1.2/../../../../nios2-elf/lib\libc.a(lib_a-impure.o)
 .bss           0x0000a6fc        0x0 c:/altera/13.0sp1/nios2eds/bin/gnu/h-i686-mingw32/bin/../lib/gcc/nios2-elf/4.1.2/../../../../nios2-elf/lib\libc.a(lib_a-int_errno.o)
 .bss           0x0000a6fc        0x0 c:/altera/13.0sp1/nios2eds/bin/gnu/h-i686-mingw32/bin/../lib/gcc/nios2-elf/4.1.2/../../../../nios2-elf/lib\libc.a(lib_a-memcmp.o)
 .bss           0x0000a6fc        0x0 c:/altera/13.0sp1/nios2eds/bin/gnu/h-i686-mingw32/bin/../lib/gcc/nios2-elf/4.1.2/../../../../nios2-elf/lib\libc.a(lib_a-memcpy.o)
 .bss           0x0000a6fc        0x0 c:/altera/13.0sp1/nios2eds/bin/gnu/h-i686-mingw32/bin/../lib/gcc/nios2-elf/4.1.2/../../../../nios2-elf/lib\libc.a(lib_a-putc.o)
 .bss           0x0000a6fc        0x0 c:/altera/13.0sp1/nios2eds/bin/gnu/h-i686-mingw32/bin/../lib/gcc/nios2-elf/4.1.2/../../../../nios2-elf/lib\libc.a(lib_a-strcmp.o)
 .bss           0x0000a6fc        0x0 c:/altera/13.0sp1/nios2eds/bin/gnu/h-i686-mingw32/bin/../lib/gcc/nios2-elf/4.1.2/../../../../nios2-elf/lib\libc.a(lib_a-strlen.o)
 .bss           0x0000a6fc        0x0 c:/altera/13.0sp1/nios2eds/bin/gnu/h-i686-mingw32/bin/../lib/gcc/nios2-elf/4.1.2/../../../../nios2-elf/lib\libc.a(lib_a-wbuf.o)
 .bss           0x0000a6fc        0x0 c:/altera/13.0sp1/nios2eds/bin/gnu/h-i686-mingw32/bin/../lib/gcc/nios2-elf/4.1.2/../../../../nios2-elf/lib\libc.a(lib_a-wsetup.o)
 .bss           0x0000a6fc        0x0 c:/altera/13.0sp1/nios2eds/bin/gnu/h-i686-mingw32/bin/../lib/gcc/nios2-elf/4.1.2/../../../../nios2-elf/lib\libc.a(lib_a-__atexit.o)
 .bss           0x0000a6fc        0x0 c:/altera/13.0sp1/nios2eds/bin/gnu/h-i686-mingw32/bin/../lib/gcc/nios2-elf/4.1.2/../../../../nios2-elf/lib\libc.a(lib_a-__call_atexit.o)
 .bss           0x0000a6fc        0x0 c:/altera/13.0sp1/nios2eds/bin/gnu/h-i686-mingw32/bin/../lib/gcc/nios2-elf/4.1.2/../../../../nios2-elf/lib\libc.a(lib_a-fflush.o)
 .bss           0x0000a6fc        0x0 c:/altera/13.0sp1/nios2eds/bin/gnu/h-i686-mingw32/bin/../lib/gcc/nios2-elf/4.1.2/../../../../nios2-elf/lib\libc.a(lib_a-findfp.o)
 .bss           0x0000a6fc        0x0 c:/altera/13.0sp1/nios2eds/bin/gnu/h-i686-mingw32/bin/../lib/gcc/nios2-elf/4.1.2/../../../../nios2-elf/lib\libc.a(lib_a-freer.o)
 .bss           0x0000a6fc        0x0 c:/altera/13.0sp1/nios2eds/bin/gnu/h-i686-mingw32/bin/../lib/gcc/nios2-elf/4.1.2/../../../../nios2-elf/lib\libc.a(lib_a-fwalk.o)
 .bss           0x0000a6fc        0x0 c:/altera/13.0sp1/nios2eds/bin/gnu/h-i686-mingw32/bin/../lib/gcc/nios2-elf/4.1.2/../../../../nios2-elf/lib\libc.a(lib_a-makebuf.o)
 .bss           0x0000a6fc       0x28 c:/altera/13.0sp1/nios2eds/bin/gnu/h-i686-mingw32/bin/../lib/gcc/nios2-elf/4.1.2/../../../../nios2-elf/lib\libc.a(lib_a-mallocr.o)
                0x0000a6fc                __malloc_current_mallinfo
 .bss           0x0000a724        0x0 c:/altera/13.0sp1/nios2eds/bin/gnu/h-i686-mingw32/bin/../lib/gcc/nios2-elf/4.1.2/../../../../nios2-elf/lib\libc.a(lib_a-sbrkr.o)
 .bss           0x0000a724        0x0 c:/altera/13.0sp1/nios2eds/bin/gnu/h-i686-mingw32/bin/../lib/gcc/nios2-elf/4.1.2/../../../../nios2-elf/lib\libc.a(lib_a-stdio.o)
 .bss           0x0000a724        0x0 c:/altera/13.0sp1/nios2eds/bin/gnu/h-i686-mingw32/bin/../lib/gcc/nios2-elf/4.1.2/../../../../nios2-elf/lib\libc.a(lib_a-writer.o)
 .bss           0x0000a724        0x0 c:/altera/13.0sp1/nios2eds/bin/gnu/h-i686-mingw32/bin/../lib/gcc/nios2-elf/4.1.2/../../../../nios2-elf/lib\libc.a(lib_a-closer.o)
 .bss           0x0000a724        0x0 c:/altera/13.0sp1/nios2eds/bin/gnu/h-i686-mingw32/bin/../lib/gcc/nios2-elf/4.1.2/../../../../nios2-elf/lib\libc.a(lib_a-fclose.o)
 .bss           0x0000a724        0x0 c:/altera/13.0sp1/nios2eds/bin/gnu/h-i686-mingw32/bin/../lib/gcc/nios2-elf/4.1.2/../../../../nios2-elf/lib\libc.a(lib_a-fstatr.o)
 .bss           0x0000a724        0x0 c:/altera/13.0sp1/nios2eds/bin/gnu/h-i686-mingw32/bin/../lib/gcc/nios2-elf/4.1.2/../../../../nios2-elf/lib\libc.a(lib_a-isattyr.o)
 .bss           0x0000a724        0x0 c:/altera/13.0sp1/nios2eds/bin/gnu/h-i686-mingw32/bin/../lib/gcc/nios2-elf/4.1.2/../../../../nios2-elf/lib\libc.a(lib_a-lseekr.o)
 .bss           0x0000a724        0x0 c:/altera/13.0sp1/nios2eds/bin/gnu/h-i686-mingw32/bin/../lib/gcc/nios2-elf/4.1.2/../../../../nios2-elf/lib\libc.a(lib_a-readr.o)
 .bss           0x0000a724        0x0 ../display_bsp/\libhal_bsp.a(alt_exit.o)
 .bss           0x0000a724        0x0 ../display_bsp/\libhal_bsp.a(alt_fstat.o)
 .bss           0x0000a724        0x0 ../display_bsp/\libhal_bsp.a(alt_isatty.o)
 .bss           0x0000a724        0x0 ../display_bsp/\libhal_bsp.a(alt_lseek.o)
 .bss           0x0000a724        0x0 ../display_bsp/\libhal_bsp.a(alt_malloc_lock.o)
 .bss           0x0000a724        0x0 ../display_bsp/\libhal_bsp.a(alt_read.o)
 .bss           0x0000a724        0x0 ../display_bsp/\libhal_bsp.a(alt_sbrk.o)
 .bss           0x0000a724        0x0 ../display_bsp/\libhal_bsp.a(alt_write.o)
 *(COMMON)
 COMMON         0x0000a724      0x100 ../display_bsp/\libhal_bsp.a(alt_irq_handler.o)
                0x0000a724                alt_irq
 COMMON         0x0000a824      0x190 c:/altera/13.0sp1/nios2eds/bin/gnu/h-i686-mingw32/bin/../lib/gcc/nios2-elf/4.1.2/../../../../nios2-elf/lib\libc.a(lib_a-atexit.o)
                0x0000a824                _atexit0
                0x0000a9b4                . = ALIGN (0x4)
                0x0000a9b4                __bss_end = ABSOLUTE (.)

.SDRAM          0x0000a9b4        0x0
                0x0000a9b4                PROVIDE (_alt_partition_SDRAM_start, ABSOLUTE (.))
 *(.SDRAM. SDRAM.*)
                0x0000a9b4                . = ALIGN (0x4)
                0x0000a9b4                PROVIDE (_alt_partition_SDRAM_end, ABSOLUTE (.))
                0x0000a9b4                _end = ABSOLUTE (.)
                0x0000a9b4                end = ABSOLUTE (.)
                0x0000a9b4                __alt_stack_base = ABSOLUTE (.)
                0x0000a9b4                PROVIDE (_alt_partition_SDRAM_load_addr, LOADADDR (.SDRAM))

.Flash_flash_data
                0x0c000000        0x0 load address 0x0000a9b4
                0x0c000000                PROVIDE (_alt_partition_Flash_flash_data_start, ABSOLUTE (.))
 *(.Flash_flash_data. Flash_flash_data.*)
                0x0c000000                . = ALIGN (0x4)
                0x0c000000                PROVIDE (_alt_partition_Flash_flash_data_end, ABSOLUTE (.))
                0x0000a9b4                PROVIDE (_alt_partition_Flash_flash_data_load_addr, LOADADDR (.Flash_flash_data))

.stab
 *(.stab)

.stabstr
 *(.stabstr)

.stab.excl
 *(.stab.excl)

.stab.exclstr
 *(.stab.exclstr)

.stab.index
 *(.stab.index)

.stab.indexstr
 *(.stab.indexstr)

.comment        0x00000000       0x26
 *(.comment)
 .comment       0x00000000       0x26 obj/default/hello_world.o
                                 0x27 (size before relaxing)
 .comment       0x00000000       0x27 c:/altera/13.0sp1/nios2eds/bin/gnu/h-i686-mingw32/bin/../lib/gcc/nios2-elf/4.1.2/../../../../nios2-elf/lib\libc.a(lib_a-memset.o)
 .comment       0x00000000       0x27 ../display_bsp/\libhal_bsp.a(alt_load.o)
 .comment       0x00000000       0x27 ../display_bsp/\libhal_bsp.a(alt_main.o)
 .comment       0x00000000       0x27 ../display_bsp/\libhal_bsp.a(alt_printf.o)
 .comment       0x00000000       0x27 ../display_bsp/\libhal_bsp.a(alt_putchar.o)
 .comment       0x00000000       0x27 ../display_bsp/\libhal_bsp.a(alt_sys_init.o)
 .comment       0x00000000       0x27 ../display_bsp/\libhal_bsp.a(altera_avalon_jtag_uart_fd.o)
 .comment       0x00000000       0x27 ../display_bsp/\libhal_bsp.a(altera_avalon_jtag_uart_init.o)
 .comment       0x00000000       0x27 ../display_bsp/\libhal_bsp.a(altera_avalon_jtag_uart_ioctl.o)
 .comment       0x00000000       0x27 ../display_bsp/\libhal_bsp.a(altera_avalon_jtag_uart_read.o)
 .comment       0x00000000       0x27 ../display_bsp/\libhal_bsp.a(altera_avalon_jtag_uart_write.o)
 .comment       0x00000000       0x27 ../display_bsp/\libhal_bsp.a(altera_avalon_timer_sc.o)
 .comment       0x00000000       0x27 ../display_bsp/\libhal_bsp.a(altera_up_avalon_character_lcd.o)
 .comment       0x00000000       0x27 ../display_bsp/\libhal_bsp.a(altera_up_avalon_irda.o)
 .comment       0x00000000       0x27 ../display_bsp/\libhal_bsp.a(altera_up_avalon_ps2.o)
 .comment       0x00000000       0x27 ../display_bsp/\libhal_bsp.a(altera_up_avalon_rs232.o)
 .comment       0x00000000       0x27 ../display_bsp/\libhal_bsp.a(altera_up_avalon_video_character_buffer_with_dma.o)
 .comment       0x00000000       0x27 ../display_bsp/\libhal_bsp.a(alt_alarm_start.o)
 .comment       0x00000000       0x27 ../display_bsp/\libhal_bsp.a(alt_close.o)
 .comment       0x00000000       0x27 ../display_bsp/\libhal_bsp.a(alt_dcache_flush_all.o)
 .comment       0x00000000       0x27 ../display_bsp/\libhal_bsp.a(alt_dev.o)
 .comment       0x00000000       0x27 ../display_bsp/\libhal_bsp.a(alt_dev_llist_insert.o)
 .comment       0x00000000       0x27 ../display_bsp/\libhal_bsp.a(alt_do_ctors.o)
 .comment       0x00000000       0x27 ../display_bsp/\libhal_bsp.a(alt_do_dtors.o)
 .comment       0x00000000       0x27 ../display_bsp/\libhal_bsp.a(alt_errno.o)
 .comment       0x00000000       0x27 ../display_bsp/\libhal_bsp.a(alt_find_dev.o)
 .comment       0x00000000       0x27 ../display_bsp/\libhal_bsp.a(alt_icache_flush_all.o)
 .comment       0x00000000       0x27 ../display_bsp/\libhal_bsp.a(alt_io_redirect.o)
 .comment       0x00000000       0x27 ../display_bsp/\libhal_bsp.a(alt_irq_register.o)
 .comment       0x00000000       0x27 ../display_bsp/\libhal_bsp.a(alt_irq_vars.o)
 .comment       0x00000000       0x27 ../display_bsp/\libhal_bsp.a(alt_open.o)
 .comment       0x00000000       0x27 ../display_bsp/\libhal_bsp.a(alt_release_fd.o)
 .comment       0x00000000       0x27 ../display_bsp/\libhal_bsp.a(alt_tick.o)
 .comment       0x00000000       0x27 ../display_bsp/\libhal_bsp.a(altera_nios2_qsys_irq.o)
 .comment       0x00000000       0x27 ../display_bsp/\libhal_bsp.a(alt_find_file.o)
 .comment       0x00000000       0x27 ../display_bsp/\libhal_bsp.a(alt_get_fd.o)
 .comment       0x00000000       0x27 ../display_bsp/\libhal_bsp.a(alt_icache_flush.o)
 .comment       0x00000000       0x27 ../display_bsp/\libhal_bsp.a(alt_irq_handler.o)
 .comment       0x00000000       0x27 c:/altera/13.0sp1/nios2eds/bin/gnu/h-i686-mingw32/bin/../lib/gcc/nios2-elf/4.1.2/../../../../nios2-elf/lib\libc.a(lib_a-atexit.o)
 .comment       0x00000000       0x27 c:/altera/13.0sp1/nios2eds/bin/gnu/h-i686-mingw32/bin/../lib/gcc/nios2-elf/4.1.2/../../../../nios2-elf/lib\libc.a(lib_a-exit.o)
 .comment       0x00000000       0x27 c:/altera/13.0sp1/nios2eds/bin/gnu/h-i686-mingw32/bin/../lib/gcc/nios2-elf/4.1.2/../../../../nios2-elf/lib\libc.a(lib_a-impure.o)
 .comment       0x00000000       0x27 c:/altera/13.0sp1/nios2eds/bin/gnu/h-i686-mingw32/bin/../lib/gcc/nios2-elf/4.1.2/../../../../nios2-elf/lib\libc.a(lib_a-int_errno.o)
 .comment       0x00000000       0x27 c:/altera/13.0sp1/nios2eds/bin/gnu/h-i686-mingw32/bin/../lib/gcc/nios2-elf/4.1.2/../../../../nios2-elf/lib\libc.a(lib_a-memcmp.o)
 .comment       0x00000000       0x27 c:/altera/13.0sp1/nios2eds/bin/gnu/h-i686-mingw32/bin/../lib/gcc/nios2-elf/4.1.2/../../../../nios2-elf/lib\libc.a(lib_a-memcpy.o)
 .comment       0x00000000       0x27 c:/altera/13.0sp1/nios2eds/bin/gnu/h-i686-mingw32/bin/../lib/gcc/nios2-elf/4.1.2/../../../../nios2-elf/lib\libc.a(lib_a-putc.o)
 .comment       0x00000000       0x27 c:/altera/13.0sp1/nios2eds/bin/gnu/h-i686-mingw32/bin/../lib/gcc/nios2-elf/4.1.2/../../../../nios2-elf/lib\libc.a(lib_a-strcmp.o)
 .comment       0x00000000       0x27 c:/altera/13.0sp1/nios2eds/bin/gnu/h-i686-mingw32/bin/../lib/gcc/nios2-elf/4.1.2/../../../../nios2-elf/lib\libc.a(lib_a-strlen.o)
 .comment       0x00000000       0x27 c:/altera/13.0sp1/nios2eds/bin/gnu/h-i686-mingw32/bin/../lib/gcc/nios2-elf/4.1.2/../../../../nios2-elf/lib\libc.a(lib_a-wbuf.o)
 .comment       0x00000000       0x27 c:/altera/13.0sp1/nios2eds/bin/gnu/h-i686-mingw32/bin/../lib/gcc/nios2-elf/4.1.2/../../../../nios2-elf/lib\libc.a(lib_a-wsetup.o)
 .comment       0x00000000       0x27 c:/altera/13.0sp1/nios2eds/bin/gnu/h-i686-mingw32/bin/../lib/gcc/nios2-elf/4.1.2/../../../../nios2-elf/lib\libc.a(lib_a-__atexit.o)
 .comment       0x00000000       0x27 c:/altera/13.0sp1/nios2eds/bin/gnu/h-i686-mingw32/bin/../lib/gcc/nios2-elf/4.1.2/../../../../nios2-elf/lib\libc.a(lib_a-__call_atexit.o)
 .comment       0x00000000       0x27 c:/altera/13.0sp1/nios2eds/bin/gnu/h-i686-mingw32/bin/../lib/gcc/nios2-elf/4.1.2/../../../../nios2-elf/lib\libc.a(lib_a-fflush.o)
 .comment       0x00000000       0x27 c:/altera/13.0sp1/nios2eds/bin/gnu/h-i686-mingw32/bin/../lib/gcc/nios2-elf/4.1.2/../../../../nios2-elf/lib\libc.a(lib_a-findfp.o)
 .comment       0x00000000       0x27 c:/altera/13.0sp1/nios2eds/bin/gnu/h-i686-mingw32/bin/../lib/gcc/nios2-elf/4.1.2/../../../../nios2-elf/lib\libc.a(lib_a-freer.o)
 .comment       0x00000000       0x27 c:/altera/13.0sp1/nios2eds/bin/gnu/h-i686-mingw32/bin/../lib/gcc/nios2-elf/4.1.2/../../../../nios2-elf/lib\libc.a(lib_a-fwalk.o)
 .comment       0x00000000       0x27 c:/altera/13.0sp1/nios2eds/bin/gnu/h-i686-mingw32/bin/../lib/gcc/nios2-elf/4.1.2/../../../../nios2-elf/lib\libc.a(lib_a-makebuf.o)
 .comment       0x00000000       0x27 c:/altera/13.0sp1/nios2eds/bin/gnu/h-i686-mingw32/bin/../lib/gcc/nios2-elf/4.1.2/../../../../nios2-elf/lib\libc.a(lib_a-mallocr.o)
 .comment       0x00000000       0x27 c:/altera/13.0sp1/nios2eds/bin/gnu/h-i686-mingw32/bin/../lib/gcc/nios2-elf/4.1.2/../../../../nios2-elf/lib\libc.a(lib_a-sbrkr.o)
 .comment       0x00000000       0x27 c:/altera/13.0sp1/nios2eds/bin/gnu/h-i686-mingw32/bin/../lib/gcc/nios2-elf/4.1.2/../../../../nios2-elf/lib\libc.a(lib_a-stdio.o)
 .comment       0x00000000       0x27 c:/altera/13.0sp1/nios2eds/bin/gnu/h-i686-mingw32/bin/../lib/gcc/nios2-elf/4.1.2/../../../../nios2-elf/lib\libc.a(lib_a-writer.o)
 .comment       0x00000000       0x27 c:/altera/13.0sp1/nios2eds/bin/gnu/h-i686-mingw32/bin/../lib/gcc/nios2-elf/4.1.2/../../../../nios2-elf/lib\libc.a(lib_a-closer.o)
 .comment       0x00000000       0x27 c:/altera/13.0sp1/nios2eds/bin/gnu/h-i686-mingw32/bin/../lib/gcc/nios2-elf/4.1.2/../../../../nios2-elf/lib\libc.a(lib_a-fclose.o)
 .comment       0x00000000       0x27 c:/altera/13.0sp1/nios2eds/bin/gnu/h-i686-mingw32/bin/../lib/gcc/nios2-elf/4.1.2/../../../../nios2-elf/lib\libc.a(lib_a-fstatr.o)
 .comment       0x00000000       0x27 c:/altera/13.0sp1/nios2eds/bin/gnu/h-i686-mingw32/bin/../lib/gcc/nios2-elf/4.1.2/../../../../nios2-elf/lib\libc.a(lib_a-isattyr.o)
 .comment       0x00000000       0x27 c:/altera/13.0sp1/nios2eds/bin/gnu/h-i686-mingw32/bin/../lib/gcc/nios2-elf/4.1.2/../../../../nios2-elf/lib\libc.a(lib_a-lseekr.o)
 .comment       0x00000000       0x27 c:/altera/13.0sp1/nios2eds/bin/gnu/h-i686-mingw32/bin/../lib/gcc/nios2-elf/4.1.2/../../../../nios2-elf/lib\libc.a(lib_a-readr.o)
 .comment       0x00000000       0x27 ../display_bsp/\libhal_bsp.a(alt_exit.o)
 .comment       0x00000000       0x27 ../display_bsp/\libhal_bsp.a(alt_fstat.o)
 .comment       0x00000000       0x27 ../display_bsp/\libhal_bsp.a(alt_isatty.o)
 .comment       0x00000000       0x27 ../display_bsp/\libhal_bsp.a(alt_lseek.o)
 .comment       0x00000000       0x27 ../display_bsp/\libhal_bsp.a(alt_malloc_lock.o)
 .comment       0x00000000       0x27 ../display_bsp/\libhal_bsp.a(alt_read.o)
 .comment       0x00000000       0x27 ../display_bsp/\libhal_bsp.a(alt_sbrk.o)
 .comment       0x00000000       0x27 ../display_bsp/\libhal_bsp.a(alt_write.o)

.debug
 *(.debug)

.line
 *(.line)

.debug_srcinfo
 *(.debug_srcinfo)

.debug_sfnames
 *(.debug_sfnames)

.debug_aranges  0x00000000      0x978
 *(.debug_aranges)
 .debug_aranges
                0x00000000       0x28 ../display_bsp//obj/HAL/src/crt0.o
 .debug_aranges
                0x00000028       0x20 obj/default/hello_world.o
 .debug_aranges
                0x00000048       0x20 c:/altera/13.0sp1/nios2eds/bin/gnu/h-i686-mingw32/bin/../lib/gcc/nios2-elf/4.1.2/../../../../nios2-elf/lib\libc.a(lib_a-memset.o)
 .debug_aranges
                0x00000068       0x20 ../display_bsp/\libhal_bsp.a(alt_load.o)
 .debug_aranges
                0x00000088       0x20 ../display_bsp/\libhal_bsp.a(alt_main.o)
 .debug_aranges
                0x000000a8       0x20 ../display_bsp/\libhal_bsp.a(alt_printf.o)
 .debug_aranges
                0x000000c8       0x20 ../display_bsp/\libhal_bsp.a(alt_putchar.o)
 .debug_aranges
                0x000000e8       0x20 ../display_bsp/\libhal_bsp.a(alt_sys_init.o)
 .debug_aranges
                0x00000108       0x20 ../display_bsp/\libhal_bsp.a(altera_avalon_jtag_uart_fd.o)
 .debug_aranges
                0x00000128       0x20 ../display_bsp/\libhal_bsp.a(altera_avalon_jtag_uart_init.o)
 .debug_aranges
                0x00000148       0x20 ../display_bsp/\libhal_bsp.a(altera_avalon_jtag_uart_ioctl.o)
 .debug_aranges
                0x00000168       0x20 ../display_bsp/\libhal_bsp.a(altera_avalon_jtag_uart_read.o)
 .debug_aranges
                0x00000188       0x20 ../display_bsp/\libhal_bsp.a(altera_avalon_jtag_uart_write.o)
 .debug_aranges
                0x000001a8       0x20 ../display_bsp/\libhal_bsp.a(altera_avalon_timer_sc.o)
 .debug_aranges
                0x000001c8       0x20 ../display_bsp/\libhal_bsp.a(altera_up_avalon_character_lcd.o)
 .debug_aranges
                0x000001e8       0x20 ../display_bsp/\libhal_bsp.a(altera_up_avalon_irda.o)
 .debug_aranges
                0x00000208       0x20 ../display_bsp/\libhal_bsp.a(altera_up_avalon_ps2.o)
 .debug_aranges
                0x00000228       0x20 ../display_bsp/\libhal_bsp.a(altera_up_avalon_rs232.o)
 .debug_aranges
                0x00000248       0x20 ../display_bsp/\libhal_bsp.a(altera_up_avalon_video_character_buffer_with_dma.o)
 .debug_aranges
                0x00000268       0x20 ../display_bsp/\libhal_bsp.a(alt_alarm_start.o)
 .debug_aranges
                0x00000288       0x20 ../display_bsp/\libhal_bsp.a(alt_close.o)
 .debug_aranges
                0x000002a8       0x20 ../display_bsp/\libhal_bsp.a(alt_dcache_flush_all.o)
 .debug_aranges
                0x000002c8       0x20 ../display_bsp/\libhal_bsp.a(alt_dev.o)
 .debug_aranges
                0x000002e8       0x20 ../display_bsp/\libhal_bsp.a(alt_dev_llist_insert.o)
 .debug_aranges
                0x00000308       0x20 ../display_bsp/\libhal_bsp.a(alt_do_ctors.o)
 .debug_aranges
                0x00000328       0x20 ../display_bsp/\libhal_bsp.a(alt_do_dtors.o)
 .debug_aranges
                0x00000348       0x20 ../display_bsp/\libhal_bsp.a(alt_find_dev.o)
 .debug_aranges
                0x00000368       0x20 ../display_bsp/\libhal_bsp.a(alt_icache_flush_all.o)
 .debug_aranges
                0x00000388       0x20 ../display_bsp/\libhal_bsp.a(alt_io_redirect.o)
 .debug_aranges
                0x000003a8       0x20 ../display_bsp/\libhal_bsp.a(alt_irq_register.o)
 .debug_aranges
                0x000003c8       0x20 ../display_bsp/\libhal_bsp.a(alt_open.o)
 .debug_aranges
                0x000003e8       0x20 ../display_bsp/\libhal_bsp.a(alt_release_fd.o)
 .debug_aranges
                0x00000408       0x20 ../display_bsp/\libhal_bsp.a(alt_tick.o)
 .debug_aranges
                0x00000428       0x20 ../display_bsp/\libhal_bsp.a(altera_nios2_qsys_irq.o)
 .debug_aranges
                0x00000448       0x20 ../display_bsp/\libhal_bsp.a(alt_find_file.o)
 .debug_aranges
                0x00000468       0x20 ../display_bsp/\libhal_bsp.a(alt_get_fd.o)
 .debug_aranges
                0x00000488       0x20 ../display_bsp/\libhal_bsp.a(alt_icache_flush.o)
 .debug_aranges
                0x000004a8       0x30 ../display_bsp/\libhal_bsp.a(alt_irq_entry.o)
 .debug_aranges
                0x000004d8       0x28 ../display_bsp/\libhal_bsp.a(alt_irq_handler.o)
 .debug_aranges
                0x00000500       0x38 ../display_bsp/\libhal_bsp.a(alt_exception_entry.o)
 .debug_aranges
                0x00000538       0x20 c:/altera/13.0sp1/nios2eds/bin/gnu/h-i686-mingw32/bin/../lib/gcc/nios2-elf/4.1.2/../../../../nios2-elf/lib\libc.a(lib_a-atexit.o)
 .debug_aranges
                0x00000558       0x20 c:/altera/13.0sp1/nios2eds/bin/gnu/h-i686-mingw32/bin/../lib/gcc/nios2-elf/4.1.2/../../../../nios2-elf/lib\libc.a(lib_a-exit.o)
 .debug_aranges
                0x00000578       0x20 c:/altera/13.0sp1/nios2eds/bin/gnu/h-i686-mingw32/bin/../lib/gcc/nios2-elf/4.1.2/../../../../nios2-elf/lib\libc.a(lib_a-memcmp.o)
 .debug_aranges
                0x00000598       0x20 c:/altera/13.0sp1/nios2eds/bin/gnu/h-i686-mingw32/bin/../lib/gcc/nios2-elf/4.1.2/../../../../nios2-elf/lib\libc.a(lib_a-memcpy.o)
 .debug_aranges
                0x000005b8       0x20 c:/altera/13.0sp1/nios2eds/bin/gnu/h-i686-mingw32/bin/../lib/gcc/nios2-elf/4.1.2/../../../../nios2-elf/lib\libc.a(lib_a-putc.o)
 .debug_aranges
                0x000005d8       0x20 c:/altera/13.0sp1/nios2eds/bin/gnu/h-i686-mingw32/bin/../lib/gcc/nios2-elf/4.1.2/../../../../nios2-elf/lib\libc.a(lib_a-strcmp.o)
 .debug_aranges
                0x000005f8       0x20 c:/altera/13.0sp1/nios2eds/bin/gnu/h-i686-mingw32/bin/../lib/gcc/nios2-elf/4.1.2/../../../../nios2-elf/lib\libc.a(lib_a-strlen.o)
 .debug_aranges
                0x00000618       0x20 c:/altera/13.0sp1/nios2eds/bin/gnu/h-i686-mingw32/bin/../lib/gcc/nios2-elf/4.1.2/../../../../nios2-elf/lib\libc.a(lib_a-wbuf.o)
 .debug_aranges
                0x00000638       0x20 c:/altera/13.0sp1/nios2eds/bin/gnu/h-i686-mingw32/bin/../lib/gcc/nios2-elf/4.1.2/../../../../nios2-elf/lib\libc.a(lib_a-wsetup.o)
 .debug_aranges
                0x00000658       0x20 c:/altera/13.0sp1/nios2eds/bin/gnu/h-i686-mingw32/bin/../lib/gcc/nios2-elf/4.1.2/../../../../nios2-elf/lib\libc.a(lib_a-__atexit.o)
 .debug_aranges
                0x00000678       0x20 c:/altera/13.0sp1/nios2eds/bin/gnu/h-i686-mingw32/bin/../lib/gcc/nios2-elf/4.1.2/../../../../nios2-elf/lib\libc.a(lib_a-__call_atexit.o)
 .debug_aranges
                0x00000698       0x20 c:/altera/13.0sp1/nios2eds/bin/gnu/h-i686-mingw32/bin/../lib/gcc/nios2-elf/4.1.2/../../../../nios2-elf/lib\libc.a(lib_a-fflush.o)
 .debug_aranges
                0x000006b8       0x20 c:/altera/13.0sp1/nios2eds/bin/gnu/h-i686-mingw32/bin/../lib/gcc/nios2-elf/4.1.2/../../../../nios2-elf/lib\libc.a(lib_a-findfp.o)
 .debug_aranges
                0x000006d8       0x20 c:/altera/13.0sp1/nios2eds/bin/gnu/h-i686-mingw32/bin/../lib/gcc/nios2-elf/4.1.2/../../../../nios2-elf/lib\libc.a(lib_a-freer.o)
 .debug_aranges
                0x000006f8       0x20 c:/altera/13.0sp1/nios2eds/bin/gnu/h-i686-mingw32/bin/../lib/gcc/nios2-elf/4.1.2/../../../../nios2-elf/lib\libc.a(lib_a-fwalk.o)
 .debug_aranges
                0x00000718       0x20 c:/altera/13.0sp1/nios2eds/bin/gnu/h-i686-mingw32/bin/../lib/gcc/nios2-elf/4.1.2/../../../../nios2-elf/lib\libc.a(lib_a-makebuf.o)
 .debug_aranges
                0x00000738       0x20 c:/altera/13.0sp1/nios2eds/bin/gnu/h-i686-mingw32/bin/../lib/gcc/nios2-elf/4.1.2/../../../../nios2-elf/lib\libc.a(lib_a-mallocr.o)
 .debug_aranges
                0x00000758       0x20 c:/altera/13.0sp1/nios2eds/bin/gnu/h-i686-mingw32/bin/../lib/gcc/nios2-elf/4.1.2/../../../../nios2-elf/lib\libc.a(lib_a-sbrkr.o)
 .debug_aranges
                0x00000778       0x20 c:/altera/13.0sp1/nios2eds/bin/gnu/h-i686-mingw32/bin/../lib/gcc/nios2-elf/4.1.2/../../../../nios2-elf/lib\libc.a(lib_a-stdio.o)
 .debug_aranges
                0x00000798       0x20 c:/altera/13.0sp1/nios2eds/bin/gnu/h-i686-mingw32/bin/../lib/gcc/nios2-elf/4.1.2/../../../../nios2-elf/lib\libc.a(lib_a-writer.o)
 .debug_aranges
                0x000007b8       0x20 c:/altera/13.0sp1/nios2eds/bin/gnu/h-i686-mingw32/bin/../lib/gcc/nios2-elf/4.1.2/../../../../nios2-elf/lib\libc.a(lib_a-closer.o)
 .debug_aranges
                0x000007d8       0x20 c:/altera/13.0sp1/nios2eds/bin/gnu/h-i686-mingw32/bin/../lib/gcc/nios2-elf/4.1.2/../../../../nios2-elf/lib\libc.a(lib_a-fclose.o)
 .debug_aranges
                0x000007f8       0x20 c:/altera/13.0sp1/nios2eds/bin/gnu/h-i686-mingw32/bin/../lib/gcc/nios2-elf/4.1.2/../../../../nios2-elf/lib\libc.a(lib_a-fstatr.o)
 .debug_aranges
                0x00000818       0x20 c:/altera/13.0sp1/nios2eds/bin/gnu/h-i686-mingw32/bin/../lib/gcc/nios2-elf/4.1.2/../../../../nios2-elf/lib\libc.a(lib_a-isattyr.o)
 .debug_aranges
                0x00000838       0x20 c:/altera/13.0sp1/nios2eds/bin/gnu/h-i686-mingw32/bin/../lib/gcc/nios2-elf/4.1.2/../../../../nios2-elf/lib\libc.a(lib_a-lseekr.o)
 .debug_aranges
                0x00000858       0x20 c:/altera/13.0sp1/nios2eds/bin/gnu/h-i686-mingw32/bin/../lib/gcc/nios2-elf/4.1.2/../../../../nios2-elf/lib\libc.a(lib_a-readr.o)
 .debug_aranges
                0x00000878       0x20 ../display_bsp/\libhal_bsp.a(alt_exit.o)
 .debug_aranges
                0x00000898       0x20 ../display_bsp/\libhal_bsp.a(alt_fstat.o)
 .debug_aranges
                0x000008b8       0x20 ../display_bsp/\libhal_bsp.a(alt_isatty.o)
 .debug_aranges
                0x000008d8       0x20 ../display_bsp/\libhal_bsp.a(alt_lseek.o)
 .debug_aranges
                0x000008f8       0x20 ../display_bsp/\libhal_bsp.a(alt_malloc_lock.o)
 .debug_aranges
                0x00000918       0x20 ../display_bsp/\libhal_bsp.a(alt_read.o)
 .debug_aranges
                0x00000938       0x20 ../display_bsp/\libhal_bsp.a(alt_sbrk.o)
 .debug_aranges
                0x00000958       0x20 ../display_bsp/\libhal_bsp.a(alt_write.o)

.debug_pubnames
                0x00000000     0x1407
 *(.debug_pubnames)
 .debug_pubnames
                0x00000000       0x1b obj/default/hello_world.o
 .debug_pubnames
                0x0000001b       0x1d c:/altera/13.0sp1/nios2eds/bin/gnu/h-i686-mingw32/bin/../lib/gcc/nios2-elf/4.1.2/../../../../nios2-elf/lib\libc.a(lib_a-memset.o)
 .debug_pubnames
                0x00000038       0x1f ../display_bsp/\libhal_bsp.a(alt_load.o)
 .debug_pubnames
                0x00000057       0x46 ../display_bsp/\libhal_bsp.a(alt_main.o)
 .debug_pubnames
                0x0000009d       0x21 ../display_bsp/\libhal_bsp.a(alt_printf.o)
 .debug_pubnames
                0x000000be       0x22 ../display_bsp/\libhal_bsp.a(alt_putchar.o)
 .debug_pubnames
                0x000000e0       0x34 ../display_bsp/\libhal_bsp.a(alt_sys_init.o)
 .debug_pubnames
                0x00000114       0xa5 ../display_bsp/\libhal_bsp.a(altera_avalon_jtag_uart_fd.o)
 .debug_pubnames
                0x000001b9       0x55 ../display_bsp/\libhal_bsp.a(altera_avalon_jtag_uart_init.o)
 .debug_pubnames
                0x0000020e       0x34 ../display_bsp/\libhal_bsp.a(altera_avalon_jtag_uart_ioctl.o)
 .debug_pubnames
                0x00000242       0x33 ../display_bsp/\libhal_bsp.a(altera_avalon_jtag_uart_read.o)
 .debug_pubnames
                0x00000275       0x34 ../display_bsp/\libhal_bsp.a(altera_avalon_jtag_uart_write.o)
 .debug_pubnames
                0x000002a9       0x2f ../display_bsp/\libhal_bsp.a(altera_avalon_timer_sc.o)
 .debug_pubnames
                0x000002d8      0x1cd ../display_bsp/\libhal_bsp.a(altera_up_avalon_character_lcd.o)
 .debug_pubnames
                0x000004a5      0x159 ../display_bsp/\libhal_bsp.a(altera_up_avalon_irda.o)
 .debug_pubnames
                0x000005fe      0x1ed ../display_bsp/\libhal_bsp.a(altera_up_avalon_ps2.o)
 .debug_pubnames
                0x000007eb      0x163 ../display_bsp/\libhal_bsp.a(altera_up_avalon_rs232.o)
 .debug_pubnames
                0x0000094e       0xa5 ../display_bsp/\libhal_bsp.a(altera_up_avalon_video_character_buffer_with_dma.o)
 .debug_pubnames
                0x000009f3       0x26 ../display_bsp/\libhal_bsp.a(alt_alarm_start.o)
 .debug_pubnames
                0x00000a19       0x1c ../display_bsp/\libhal_bsp.a(alt_close.o)
 .debug_pubnames
                0x00000a35       0x2b ../display_bsp/\libhal_bsp.a(alt_dcache_flush_all.o)
 .debug_pubnames
                0x00000a60       0x63 ../display_bsp/\libhal_bsp.a(alt_dev.o)
 .debug_pubnames
                0x00000ac3       0x2b ../display_bsp/\libhal_bsp.a(alt_dev_llist_insert.o)
 .debug_pubnames
                0x00000aee       0x20 ../display_bsp/\libhal_bsp.a(alt_do_ctors.o)
 .debug_pubnames
                0x00000b0e       0x20 ../display_bsp/\libhal_bsp.a(alt_do_dtors.o)
 .debug_pubnames
                0x00000b2e       0x20 ../display_bsp/\libhal_bsp.a(alt_errno.o)
 .debug_pubnames
                0x00000b4e       0x23 ../display_bsp/\libhal_bsp.a(alt_find_dev.o)
 .debug_pubnames
                0x00000b71       0x2b ../display_bsp/\libhal_bsp.a(alt_icache_flush_all.o)
 .debug_pubnames
                0x00000b9c       0x26 ../display_bsp/\libhal_bsp.a(alt_io_redirect.o)
 .debug_pubnames
                0x00000bc2       0x27 ../display_bsp/\libhal_bsp.a(alt_irq_register.o)
 .debug_pubnames
                0x00000be9       0x3b ../display_bsp/\libhal_bsp.a(alt_irq_vars.o)
 .debug_pubnames
                0x00000c24       0x1b ../display_bsp/\libhal_bsp.a(alt_open.o)
 .debug_pubnames
                0x00000c3f       0x25 ../display_bsp/\libhal_bsp.a(alt_release_fd.o)
 .debug_pubnames
                0x00000c64       0x68 ../display_bsp/\libhal_bsp.a(alt_tick.o)
 .debug_pubnames
                0x00000ccc       0x31 ../display_bsp/\libhal_bsp.a(altera_nios2_qsys_irq.o)
 .debug_pubnames
                0x00000cfd       0x24 ../display_bsp/\libhal_bsp.a(alt_find_file.o)
 .debug_pubnames
                0x00000d21       0x21 ../display_bsp/\libhal_bsp.a(alt_get_fd.o)
 .debug_pubnames
                0x00000d42       0x27 ../display_bsp/\libhal_bsp.a(alt_icache_flush.o)
 .debug_pubnames
                0x00000d69       0x32 ../display_bsp/\libhal_bsp.a(alt_irq_handler.o)
 .debug_pubnames
                0x00000d9b       0x2a c:/altera/13.0sp1/nios2eds/bin/gnu/h-i686-mingw32/bin/../lib/gcc/nios2-elf/4.1.2/../../../../nios2-elf/lib\libc.a(lib_a-atexit.o)
 .debug_pubnames
                0x00000dc5       0x1b c:/altera/13.0sp1/nios2eds/bin/gnu/h-i686-mingw32/bin/../lib/gcc/nios2-elf/4.1.2/../../../../nios2-elf/lib\libc.a(lib_a-exit.o)
 .debug_pubnames
                0x00000de0       0x39 c:/altera/13.0sp1/nios2eds/bin/gnu/h-i686-mingw32/bin/../lib/gcc/nios2-elf/4.1.2/../../../../nios2-elf/lib\libc.a(lib_a-impure.o)
 .debug_pubnames
                0x00000e19       0x1c c:/altera/13.0sp1/nios2eds/bin/gnu/h-i686-mingw32/bin/../lib/gcc/nios2-elf/4.1.2/../../../../nios2-elf/lib\libc.a(lib_a-int_errno.o)
 .debug_pubnames
                0x00000e35       0x1d c:/altera/13.0sp1/nios2eds/bin/gnu/h-i686-mingw32/bin/../lib/gcc/nios2-elf/4.1.2/../../../../nios2-elf/lib\libc.a(lib_a-memcmp.o)
 .debug_pubnames
                0x00000e52       0x1d c:/altera/13.0sp1/nios2eds/bin/gnu/h-i686-mingw32/bin/../lib/gcc/nios2-elf/4.1.2/../../../../nios2-elf/lib\libc.a(lib_a-memcpy.o)
 .debug_pubnames
                0x00000e6f       0x27 c:/altera/13.0sp1/nios2eds/bin/gnu/h-i686-mingw32/bin/../lib/gcc/nios2-elf/4.1.2/../../../../nios2-elf/lib\libc.a(lib_a-putc.o)
 .debug_pubnames
                0x00000e96       0x1d c:/altera/13.0sp1/nios2eds/bin/gnu/h-i686-mingw32/bin/../lib/gcc/nios2-elf/4.1.2/../../../../nios2-elf/lib\libc.a(lib_a-strcmp.o)
 .debug_pubnames
                0x00000eb3       0x1d c:/altera/13.0sp1/nios2eds/bin/gnu/h-i686-mingw32/bin/../lib/gcc/nios2-elf/4.1.2/../../../../nios2-elf/lib\libc.a(lib_a-strlen.o)
 .debug_pubnames
                0x00000ed0       0x2c c:/altera/13.0sp1/nios2eds/bin/gnu/h-i686-mingw32/bin/../lib/gcc/nios2-elf/4.1.2/../../../../nios2-elf/lib\libc.a(lib_a-wbuf.o)
 .debug_pubnames
                0x00000efc       0x22 c:/altera/13.0sp1/nios2eds/bin/gnu/h-i686-mingw32/bin/../lib/gcc/nios2-elf/4.1.2/../../../../nios2-elf/lib\libc.a(lib_a-wsetup.o)
 .debug_pubnames
                0x00000f1e       0x2a c:/altera/13.0sp1/nios2eds/bin/gnu/h-i686-mingw32/bin/../lib/gcc/nios2-elf/4.1.2/../../../../nios2-elf/lib\libc.a(lib_a-__atexit.o)
 .debug_pubnames
                0x00000f48       0x27 c:/altera/13.0sp1/nios2eds/bin/gnu/h-i686-mingw32/bin/../lib/gcc/nios2-elf/4.1.2/../../../../nios2-elf/lib\libc.a(lib_a-__call_atexit.o)
 .debug_pubnames
                0x00000f6f       0x2b c:/altera/13.0sp1/nios2eds/bin/gnu/h-i686-mingw32/bin/../lib/gcc/nios2-elf/4.1.2/../../../../nios2-elf/lib\libc.a(lib_a-fflush.o)
 .debug_pubnames
                0x00000f9a       0xdb c:/altera/13.0sp1/nios2eds/bin/gnu/h-i686-mingw32/bin/../lib/gcc/nios2-elf/4.1.2/../../../../nios2-elf/lib\libc.a(lib_a-findfp.o)
 .debug_pubnames
                0x00001075       0x31 c:/altera/13.0sp1/nios2eds/bin/gnu/h-i686-mingw32/bin/../lib/gcc/nios2-elf/4.1.2/../../../../nios2-elf/lib\libc.a(lib_a-freer.o)
 .debug_pubnames
                0x000010a6       0x2e c:/altera/13.0sp1/nios2eds/bin/gnu/h-i686-mingw32/bin/../lib/gcc/nios2-elf/4.1.2/../../../../nios2-elf/lib\libc.a(lib_a-fwalk.o)
 .debug_pubnames
                0x000010d4       0x23 c:/altera/13.0sp1/nios2eds/bin/gnu/h-i686-mingw32/bin/../lib/gcc/nios2-elf/4.1.2/../../../../nios2-elf/lib\libc.a(lib_a-makebuf.o)
 .debug_pubnames
                0x000010f7       0xce c:/altera/13.0sp1/nios2eds/bin/gnu/h-i686-mingw32/bin/../lib/gcc/nios2-elf/4.1.2/../../../../nios2-elf/lib\libc.a(lib_a-mallocr.o)
 .debug_pubnames
                0x000011c5       0x1e c:/altera/13.0sp1/nios2eds/bin/gnu/h-i686-mingw32/bin/../lib/gcc/nios2-elf/4.1.2/../../../../nios2-elf/lib\libc.a(lib_a-sbrkr.o)
 .debug_pubnames
                0x000011e3       0x44 c:/altera/13.0sp1/nios2eds/bin/gnu/h-i686-mingw32/bin/../lib/gcc/nios2-elf/4.1.2/../../../../nios2-elf/lib\libc.a(lib_a-stdio.o)
 .debug_pubnames
                0x00001227       0x1f c:/altera/13.0sp1/nios2eds/bin/gnu/h-i686-mingw32/bin/../lib/gcc/nios2-elf/4.1.2/../../../../nios2-elf/lib\libc.a(lib_a-writer.o)
 .debug_pubnames
                0x00001246       0x1f c:/altera/13.0sp1/nios2eds/bin/gnu/h-i686-mingw32/bin/../lib/gcc/nios2-elf/4.1.2/../../../../nios2-elf/lib\libc.a(lib_a-closer.o)
 .debug_pubnames
                0x00001265       0x2b c:/altera/13.0sp1/nios2eds/bin/gnu/h-i686-mingw32/bin/../lib/gcc/nios2-elf/4.1.2/../../../../nios2-elf/lib\libc.a(lib_a-fclose.o)
 .debug_pubnames
                0x00001290       0x1f c:/altera/13.0sp1/nios2eds/bin/gnu/h-i686-mingw32/bin/../lib/gcc/nios2-elf/4.1.2/../../../../nios2-elf/lib\libc.a(lib_a-fstatr.o)
 .debug_pubnames
                0x000012af       0x20 c:/altera/13.0sp1/nios2eds/bin/gnu/h-i686-mingw32/bin/../lib/gcc/nios2-elf/4.1.2/../../../../nios2-elf/lib\libc.a(lib_a-isattyr.o)
 .debug_pubnames
                0x000012cf       0x1f c:/altera/13.0sp1/nios2eds/bin/gnu/h-i686-mingw32/bin/../lib/gcc/nios2-elf/4.1.2/../../../../nios2-elf/lib\libc.a(lib_a-lseekr.o)
 .debug_pubnames
                0x000012ee       0x1e c:/altera/13.0sp1/nios2eds/bin/gnu/h-i686-mingw32/bin/../lib/gcc/nios2-elf/4.1.2/../../../../nios2-elf/lib\libc.a(lib_a-readr.o)
 .debug_pubnames
                0x0000130c       0x1c ../display_bsp/\libhal_bsp.a(alt_exit.o)
 .debug_pubnames
                0x00001328       0x1c ../display_bsp/\libhal_bsp.a(alt_fstat.o)
 .debug_pubnames
                0x00001344       0x1d ../display_bsp/\libhal_bsp.a(alt_isatty.o)
 .debug_pubnames
                0x00001361       0x1c ../display_bsp/\libhal_bsp.a(alt_lseek.o)
 .debug_pubnames
                0x0000137d       0x38 ../display_bsp/\libhal_bsp.a(alt_malloc_lock.o)
 .debug_pubnames
                0x000013b5       0x1b ../display_bsp/\libhal_bsp.a(alt_read.o)
 .debug_pubnames
                0x000013d0       0x1b ../display_bsp/\libhal_bsp.a(alt_sbrk.o)
 .debug_pubnames
                0x000013eb       0x1c ../display_bsp/\libhal_bsp.a(alt_write.o)

.debug_info     0x00000000    0x1c7f2
 *(.debug_info .gnu.linkonce.wi.*)
 .debug_info    0x00000000       0x68 ../display_bsp//obj/HAL/src/crt0.o
 .debug_info    0x00000068      0x477 obj/default/hello_world.o
 .debug_info    0x000004df      0x113 c:/altera/13.0sp1/nios2eds/bin/gnu/h-i686-mingw32/bin/../lib/gcc/nios2-elf/4.1.2/../../../../nios2-elf/lib\libc.a(lib_a-memset.o)
 .debug_info    0x000005f2      0x27a ../display_bsp/\libhal_bsp.a(alt_load.o)
 .debug_info    0x0000086c      0x259 ../display_bsp/\libhal_bsp.a(alt_main.o)
 .debug_info    0x00000ac5      0x195 ../display_bsp/\libhal_bsp.a(alt_printf.o)
 .debug_info    0x00000c5a      0xbe9 ../display_bsp/\libhal_bsp.a(alt_putchar.o)
 .debug_info    0x00001843      0xe2e ../display_bsp/\libhal_bsp.a(alt_sys_init.o)
 .debug_info    0x00002671      0x7c6 ../display_bsp/\libhal_bsp.a(altera_avalon_jtag_uart_fd.o)
 .debug_info    0x00002e37      0x62e ../display_bsp/\libhal_bsp.a(altera_avalon_jtag_uart_init.o)
 .debug_info    0x00003465      0x430 ../display_bsp/\libhal_bsp.a(altera_avalon_jtag_uart_ioctl.o)
 .debug_info    0x00003895      0x566 ../display_bsp/\libhal_bsp.a(altera_avalon_jtag_uart_read.o)
 .debug_info    0x00003dfb      0x55e ../display_bsp/\libhal_bsp.a(altera_avalon_jtag_uart_write.o)
 .debug_info    0x00004359      0x3b8 ../display_bsp/\libhal_bsp.a(altera_avalon_timer_sc.o)
 .debug_info    0x00004711      0x8d6 ../display_bsp/\libhal_bsp.a(altera_up_avalon_character_lcd.o)
 .debug_info    0x00004fe7      0x7c1 ../display_bsp/\libhal_bsp.a(altera_up_avalon_irda.o)
 .debug_info    0x000057a8      0xada ../display_bsp/\libhal_bsp.a(altera_up_avalon_ps2.o)
 .debug_info    0x00006282      0x7cc ../display_bsp/\libhal_bsp.a(altera_up_avalon_rs232.o)
 .debug_info    0x00006a4e      0x67f ../display_bsp/\libhal_bsp.a(altera_up_avalon_video_character_buffer_with_dma.o)
 .debug_info    0x000070cd      0x462 ../display_bsp/\libhal_bsp.a(alt_alarm_start.o)
 .debug_info    0x0000752f      0x454 ../display_bsp/\libhal_bsp.a(alt_close.o)
 .debug_info    0x00007983      0x149 ../display_bsp/\libhal_bsp.a(alt_dcache_flush_all.o)
 .debug_info    0x00007acc      0x66c ../display_bsp/\libhal_bsp.a(alt_dev.o)
 .debug_info    0x00008138      0x2a4 ../display_bsp/\libhal_bsp.a(alt_dev_llist_insert.o)
 .debug_info    0x000083dc       0xfc ../display_bsp/\libhal_bsp.a(alt_do_ctors.o)
 .debug_info    0x000084d8       0xfb ../display_bsp/\libhal_bsp.a(alt_do_dtors.o)
 .debug_info    0x000085d3      0x151 ../display_bsp/\libhal_bsp.a(alt_errno.o)
 .debug_info    0x00008724      0x405 ../display_bsp/\libhal_bsp.a(alt_find_dev.o)
 .debug_info    0x00008b29      0x149 ../display_bsp/\libhal_bsp.a(alt_icache_flush_all.o)
 .debug_info    0x00008c72      0x682 ../display_bsp/\libhal_bsp.a(alt_io_redirect.o)
 .debug_info    0x000092f4      0x41c ../display_bsp/\libhal_bsp.a(alt_irq_register.o)
 .debug_info    0x00009710      0x154 ../display_bsp/\libhal_bsp.a(alt_irq_vars.o)
 .debug_info    0x00009864      0x512 ../display_bsp/\libhal_bsp.a(alt_open.o)
 .debug_info    0x00009d76      0x3df ../display_bsp/\libhal_bsp.a(alt_release_fd.o)
 .debug_info    0x0000a155      0x41e ../display_bsp/\libhal_bsp.a(alt_tick.o)
 .debug_info    0x0000a573      0x197 ../display_bsp/\libhal_bsp.a(altera_nios2_qsys_irq.o)
 .debug_info    0x0000a70a      0x40c ../display_bsp/\libhal_bsp.a(alt_find_file.o)
 .debug_info    0x0000ab16      0x44d ../display_bsp/\libhal_bsp.a(alt_get_fd.o)
 .debug_info    0x0000af63      0x191 ../display_bsp/\libhal_bsp.a(alt_icache_flush.o)
 .debug_info    0x0000b0f4       0x71 ../display_bsp/\libhal_bsp.a(alt_irq_entry.o)
 .debug_info    0x0000b165      0x29f ../display_bsp/\libhal_bsp.a(alt_irq_handler.o)
 .debug_info    0x0000b404       0x77 ../display_bsp/\libhal_bsp.a(alt_exception_entry.o)
 .debug_info    0x0000b47b      0x181 c:/altera/13.0sp1/nios2eds/bin/gnu/h-i686-mingw32/bin/../lib/gcc/nios2-elf/4.1.2/../../../../nios2-elf/lib\libc.a(lib_a-atexit.o)
 .debug_info    0x0000b5fc      0x93f c:/altera/13.0sp1/nios2eds/bin/gnu/h-i686-mingw32/bin/../lib/gcc/nios2-elf/4.1.2/../../../../nios2-elf/lib\libc.a(lib_a-exit.o)
 .debug_info    0x0000bf3b      0x93d c:/altera/13.0sp1/nios2eds/bin/gnu/h-i686-mingw32/bin/../lib/gcc/nios2-elf/4.1.2/../../../../nios2-elf/lib\libc.a(lib_a-impure.o)
 .debug_info    0x0000c878       0x8c c:/altera/13.0sp1/nios2eds/bin/gnu/h-i686-mingw32/bin/../lib/gcc/nios2-elf/4.1.2/../../../../nios2-elf/lib\libc.a(lib_a-int_errno.o)
 .debug_info    0x0000c904      0x115 c:/altera/13.0sp1/nios2eds/bin/gnu/h-i686-mingw32/bin/../lib/gcc/nios2-elf/4.1.2/../../../../nios2-elf/lib\libc.a(lib_a-memcmp.o)
 .debug_info    0x0000ca19      0x106 c:/altera/13.0sp1/nios2eds/bin/gnu/h-i686-mingw32/bin/../lib/gcc/nios2-elf/4.1.2/../../../../nios2-elf/lib\libc.a(lib_a-memcpy.o)
 .debug_info    0x0000cb1f      0x9c1 c:/altera/13.0sp1/nios2eds/bin/gnu/h-i686-mingw32/bin/../lib/gcc/nios2-elf/4.1.2/../../../../nios2-elf/lib\libc.a(lib_a-putc.o)
 .debug_info    0x0000d4e0       0xdd c:/altera/13.0sp1/nios2eds/bin/gnu/h-i686-mingw32/bin/../lib/gcc/nios2-elf/4.1.2/../../../../nios2-elf/lib\libc.a(lib_a-strcmp.o)
 .debug_info    0x0000d5bd       0xdb c:/altera/13.0sp1/nios2eds/bin/gnu/h-i686-mingw32/bin/../lib/gcc/nios2-elf/4.1.2/../../../../nios2-elf/lib\libc.a(lib_a-strlen.o)
 .debug_info    0x0000d698      0x9ae c:/altera/13.0sp1/nios2eds/bin/gnu/h-i686-mingw32/bin/../lib/gcc/nios2-elf/4.1.2/../../../../nios2-elf/lib\libc.a(lib_a-wbuf.o)
 .debug_info    0x0000e046      0x95d c:/altera/13.0sp1/nios2eds/bin/gnu/h-i686-mingw32/bin/../lib/gcc/nios2-elf/4.1.2/../../../../nios2-elf/lib\libc.a(lib_a-wsetup.o)
 .debug_info    0x0000e9a3      0x99c c:/altera/13.0sp1/nios2eds/bin/gnu/h-i686-mingw32/bin/../lib/gcc/nios2-elf/4.1.2/../../../../nios2-elf/lib\libc.a(lib_a-__atexit.o)
 .debug_info    0x0000f33f      0x9e2 c:/altera/13.0sp1/nios2eds/bin/gnu/h-i686-mingw32/bin/../lib/gcc/nios2-elf/4.1.2/../../../../nios2-elf/lib\libc.a(lib_a-__call_atexit.o)
 .debug_info    0x0000fd21      0x9fe c:/altera/13.0sp1/nios2eds/bin/gnu/h-i686-mingw32/bin/../lib/gcc/nios2-elf/4.1.2/../../../../nios2-elf/lib\libc.a(lib_a-fflush.o)
 .debug_info    0x0001071f      0xb72 c:/altera/13.0sp1/nios2eds/bin/gnu/h-i686-mingw32/bin/../lib/gcc/nios2-elf/4.1.2/../../../../nios2-elf/lib\libc.a(lib_a-findfp.o)
 .debug_info    0x00011291      0xbc9 c:/altera/13.0sp1/nios2eds/bin/gnu/h-i686-mingw32/bin/../lib/gcc/nios2-elf/4.1.2/../../../../nios2-elf/lib\libc.a(lib_a-freer.o)
 .debug_info    0x00011e5a      0xaed c:/altera/13.0sp1/nios2eds/bin/gnu/h-i686-mingw32/bin/../lib/gcc/nios2-elf/4.1.2/../../../../nios2-elf/lib\libc.a(lib_a-fwalk.o)
 .debug_info    0x00012947      0xb1a c:/altera/13.0sp1/nios2eds/bin/gnu/h-i686-mingw32/bin/../lib/gcc/nios2-elf/4.1.2/../../../../nios2-elf/lib\libc.a(lib_a-makebuf.o)
 .debug_info    0x00013461      0xcd0 c:/altera/13.0sp1/nios2eds/bin/gnu/h-i686-mingw32/bin/../lib/gcc/nios2-elf/4.1.2/../../../../nios2-elf/lib\libc.a(lib_a-mallocr.o)
 .debug_info    0x00014131      0x962 c:/altera/13.0sp1/nios2eds/bin/gnu/h-i686-mingw32/bin/../lib/gcc/nios2-elf/4.1.2/../../../../nios2-elf/lib\libc.a(lib_a-sbrkr.o)
 .debug_info    0x00014a93      0xaac c:/altera/13.0sp1/nios2eds/bin/gnu/h-i686-mingw32/bin/../lib/gcc/nios2-elf/4.1.2/../../../../nios2-elf/lib\libc.a(lib_a-stdio.o)
 .debug_info    0x0001553f      0x993 c:/altera/13.0sp1/nios2eds/bin/gnu/h-i686-mingw32/bin/../lib/gcc/nios2-elf/4.1.2/../../../../nios2-elf/lib\libc.a(lib_a-writer.o)
 .debug_info    0x00015ed2      0x958 c:/altera/13.0sp1/nios2eds/bin/gnu/h-i686-mingw32/bin/../lib/gcc/nios2-elf/4.1.2/../../../../nios2-elf/lib\libc.a(lib_a-closer.o)
 .debug_info    0x0001682a      0x994 c:/altera/13.0sp1/nios2eds/bin/gnu/h-i686-mingw32/bin/../lib/gcc/nios2-elf/4.1.2/../../../../nios2-elf/lib\libc.a(lib_a-fclose.o)
 .debug_info    0x000171be      0xafc c:/altera/13.0sp1/nios2eds/bin/gnu/h-i686-mingw32/bin/../lib/gcc/nios2-elf/4.1.2/../../../../nios2-elf/lib\libc.a(lib_a-fstatr.o)
 .debug_info    0x00017cba      0x958 c:/altera/13.0sp1/nios2eds/bin/gnu/h-i686-mingw32/bin/../lib/gcc/nios2-elf/4.1.2/../../../../nios2-elf/lib\libc.a(lib_a-isattyr.o)
 .debug_info    0x00018612      0x981 c:/altera/13.0sp1/nios2eds/bin/gnu/h-i686-mingw32/bin/../lib/gcc/nios2-elf/4.1.2/../../../../nios2-elf/lib\libc.a(lib_a-lseekr.o)
 .debug_info    0x00018f93      0x98c c:/altera/13.0sp1/nios2eds/bin/gnu/h-i686-mingw32/bin/../lib/gcc/nios2-elf/4.1.2/../../../../nios2-elf/lib\libc.a(lib_a-readr.o)
 .debug_info    0x0001991f      0x1c5 ../display_bsp/\libhal_bsp.a(alt_exit.o)
 .debug_info    0x00019ae4      0x64d ../display_bsp/\libhal_bsp.a(alt_fstat.o)
 .debug_info    0x0001a131      0x653 ../display_bsp/\libhal_bsp.a(alt_isatty.o)
 .debug_info    0x0001a784      0x487 ../display_bsp/\libhal_bsp.a(alt_lseek.o)
 .debug_info    0x0001ac0b      0xc05 ../display_bsp/\libhal_bsp.a(alt_malloc_lock.o)
 .debug_info    0x0001b810      0x677 ../display_bsp/\libhal_bsp.a(alt_read.o)
 .debug_info    0x0001be87      0x2eb ../display_bsp/\libhal_bsp.a(alt_sbrk.o)
 .debug_info    0x0001c172      0x680 ../display_bsp/\libhal_bsp.a(alt_write.o)

.debug_abbrev   0x00000000     0x548d
 *(.debug_abbrev)
 .debug_abbrev  0x00000000       0x12 ../display_bsp//obj/HAL/src/crt0.o
 .debug_abbrev  0x00000012       0xf5 obj/default/hello_world.o
 .debug_abbrev  0x00000107       0xb8 c:/altera/13.0sp1/nios2eds/bin/gnu/h-i686-mingw32/bin/../lib/gcc/nios2-elf/4.1.2/../../../../nios2-elf/lib\libc.a(lib_a-memset.o)
 .debug_abbrev  0x000001bf       0x88 ../display_bsp/\libhal_bsp.a(alt_load.o)
 .debug_abbrev  0x00000247       0xbe ../display_bsp/\libhal_bsp.a(alt_main.o)
 .debug_abbrev  0x00000305       0x91 ../display_bsp/\libhal_bsp.a(alt_printf.o)
 .debug_abbrev  0x00000396      0x17f ../display_bsp/\libhal_bsp.a(alt_putchar.o)
 .debug_abbrev  0x00000515      0x186 ../display_bsp/\libhal_bsp.a(alt_sys_init.o)
 .debug_abbrev  0x0000069b       0xf7 ../display_bsp/\libhal_bsp.a(altera_avalon_jtag_uart_fd.o)
 .debug_abbrev  0x00000792      0x17c ../display_bsp/\libhal_bsp.a(altera_avalon_jtag_uart_init.o)
 .debug_abbrev  0x0000090e       0xf0 ../display_bsp/\libhal_bsp.a(altera_avalon_jtag_uart_ioctl.o)
 .debug_abbrev  0x000009fe      0x191 ../display_bsp/\libhal_bsp.a(altera_avalon_jtag_uart_read.o)
 .debug_abbrev  0x00000b8f      0x18d ../display_bsp/\libhal_bsp.a(altera_avalon_jtag_uart_write.o)
 .debug_abbrev  0x00000d1c      0x137 ../display_bsp/\libhal_bsp.a(altera_avalon_timer_sc.o)
 .debug_abbrev  0x00000e53      0x127 ../display_bsp/\libhal_bsp.a(altera_up_avalon_character_lcd.o)
 .debug_abbrev  0x00000f7a      0x120 ../display_bsp/\libhal_bsp.a(altera_up_avalon_irda.o)
 .debug_abbrev  0x0000109a      0x16d ../display_bsp/\libhal_bsp.a(altera_up_avalon_ps2.o)
 .debug_abbrev  0x00001207      0x120 ../display_bsp/\libhal_bsp.a(altera_up_avalon_rs232.o)
 .debug_abbrev  0x00001327      0x111 ../display_bsp/\libhal_bsp.a(altera_up_avalon_video_character_buffer_with_dma.o)
 .debug_abbrev  0x00001438      0x172 ../display_bsp/\libhal_bsp.a(alt_alarm_start.o)
 .debug_abbrev  0x000015aa       0xfb ../display_bsp/\libhal_bsp.a(alt_close.o)
 .debug_abbrev  0x000016a5       0x3f ../display_bsp/\libhal_bsp.a(alt_dcache_flush_all.o)
 .debug_abbrev  0x000016e4       0xc7 ../display_bsp/\libhal_bsp.a(alt_dev.o)
 .debug_abbrev  0x000017ab       0xf6 ../display_bsp/\libhal_bsp.a(alt_dev_llist_insert.o)
 .debug_abbrev  0x000018a1       0x76 ../display_bsp/\libhal_bsp.a(alt_do_ctors.o)
 .debug_abbrev  0x00001917       0x76 ../display_bsp/\libhal_bsp.a(alt_do_dtors.o)
 .debug_abbrev  0x0000198d       0x5e ../display_bsp/\libhal_bsp.a(alt_errno.o)
 .debug_abbrev  0x000019eb       0xcf ../display_bsp/\libhal_bsp.a(alt_find_dev.o)
 .debug_abbrev  0x00001aba       0x3f ../display_bsp/\libhal_bsp.a(alt_icache_flush_all.o)
 .debug_abbrev  0x00001af9       0xf0 ../display_bsp/\libhal_bsp.a(alt_io_redirect.o)
 .debug_abbrev  0x00001be9      0x180 ../display_bsp/\libhal_bsp.a(alt_irq_register.o)
 .debug_abbrev  0x00001d69       0x44 ../display_bsp/\libhal_bsp.a(alt_irq_vars.o)
 .debug_abbrev  0x00001dad      0x112 ../display_bsp/\libhal_bsp.a(alt_open.o)
 .debug_abbrev  0x00001ebf       0xc1 ../display_bsp/\libhal_bsp.a(alt_release_fd.o)
 .debug_abbrev  0x00001f80      0x161 ../display_bsp/\libhal_bsp.a(alt_tick.o)
 .debug_abbrev  0x000020e1       0x64 ../display_bsp/\libhal_bsp.a(altera_nios2_qsys_irq.o)
 .debug_abbrev  0x00002145       0xcf ../display_bsp/\libhal_bsp.a(alt_find_file.o)
 .debug_abbrev  0x00002214       0xfb ../display_bsp/\libhal_bsp.a(alt_get_fd.o)
 .debug_abbrev  0x0000230f       0x7a ../display_bsp/\libhal_bsp.a(alt_icache_flush.o)
 .debug_abbrev  0x00002389       0x12 ../display_bsp/\libhal_bsp.a(alt_irq_entry.o)
 .debug_abbrev  0x0000239b      0x124 ../display_bsp/\libhal_bsp.a(alt_irq_handler.o)
 .debug_abbrev  0x000024bf       0x12 ../display_bsp/\libhal_bsp.a(alt_exception_entry.o)
 .debug_abbrev  0x000024d1       0xb7 c:/altera/13.0sp1/nios2eds/bin/gnu/h-i686-mingw32/bin/../lib/gcc/nios2-elf/4.1.2/../../../../nios2-elf/lib\libc.a(lib_a-atexit.o)
 .debug_abbrev  0x00002588      0x16e c:/altera/13.0sp1/nios2eds/bin/gnu/h-i686-mingw32/bin/../lib/gcc/nios2-elf/4.1.2/../../../../nios2-elf/lib\libc.a(lib_a-exit.o)
 .debug_abbrev  0x000026f6      0x157 c:/altera/13.0sp1/nios2eds/bin/gnu/h-i686-mingw32/bin/../lib/gcc/nios2-elf/4.1.2/../../../../nios2-elf/lib\libc.a(lib_a-impure.o)
 .debug_abbrev  0x0000284d       0x3b c:/altera/13.0sp1/nios2eds/bin/gnu/h-i686-mingw32/bin/../lib/gcc/nios2-elf/4.1.2/../../../../nios2-elf/lib\libc.a(lib_a-int_errno.o)
 .debug_abbrev  0x00002888       0x7c c:/altera/13.0sp1/nios2eds/bin/gnu/h-i686-mingw32/bin/../lib/gcc/nios2-elf/4.1.2/../../../../nios2-elf/lib\libc.a(lib_a-memcmp.o)
 .debug_abbrev  0x00002904       0xb5 c:/altera/13.0sp1/nios2eds/bin/gnu/h-i686-mingw32/bin/../lib/gcc/nios2-elf/4.1.2/../../../../nios2-elf/lib\libc.a(lib_a-memcpy.o)
 .debug_abbrev  0x000029b9      0x17f c:/altera/13.0sp1/nios2eds/bin/gnu/h-i686-mingw32/bin/../lib/gcc/nios2-elf/4.1.2/../../../../nios2-elf/lib\libc.a(lib_a-putc.o)
 .debug_abbrev  0x00002b38       0x80 c:/altera/13.0sp1/nios2eds/bin/gnu/h-i686-mingw32/bin/../lib/gcc/nios2-elf/4.1.2/../../../../nios2-elf/lib\libc.a(lib_a-strcmp.o)
 .debug_abbrev  0x00002bb8       0x8b c:/altera/13.0sp1/nios2eds/bin/gnu/h-i686-mingw32/bin/../lib/gcc/nios2-elf/4.1.2/../../../../nios2-elf/lib\libc.a(lib_a-strlen.o)
 .debug_abbrev  0x00002c43      0x198 c:/altera/13.0sp1/nios2eds/bin/gnu/h-i686-mingw32/bin/../lib/gcc/nios2-elf/4.1.2/../../../../nios2-elf/lib\libc.a(lib_a-wbuf.o)
 .debug_abbrev  0x00002ddb      0x170 c:/altera/13.0sp1/nios2eds/bin/gnu/h-i686-mingw32/bin/../lib/gcc/nios2-elf/4.1.2/../../../../nios2-elf/lib\libc.a(lib_a-wsetup.o)
 .debug_abbrev  0x00002f4b      0x1ae c:/altera/13.0sp1/nios2eds/bin/gnu/h-i686-mingw32/bin/../lib/gcc/nios2-elf/4.1.2/../../../../nios2-elf/lib\libc.a(lib_a-__atexit.o)
 .debug_abbrev  0x000030f9      0x1de c:/altera/13.0sp1/nios2eds/bin/gnu/h-i686-mingw32/bin/../lib/gcc/nios2-elf/4.1.2/../../../../nios2-elf/lib\libc.a(lib_a-__call_atexit.o)
 .debug_abbrev  0x000032d7      0x1c6 c:/altera/13.0sp1/nios2eds/bin/gnu/h-i686-mingw32/bin/../lib/gcc/nios2-elf/4.1.2/../../../../nios2-elf/lib\libc.a(lib_a-fflush.o)
 .debug_abbrev  0x0000349d      0x24c c:/altera/13.0sp1/nios2eds/bin/gnu/h-i686-mingw32/bin/../lib/gcc/nios2-elf/4.1.2/../../../../nios2-elf/lib\libc.a(lib_a-findfp.o)
 .debug_abbrev  0x000036e9      0x1d9 c:/altera/13.0sp1/nios2eds/bin/gnu/h-i686-mingw32/bin/../lib/gcc/nios2-elf/4.1.2/../../../../nios2-elf/lib\libc.a(lib_a-freer.o)
 .debug_abbrev  0x000038c2      0x1e3 c:/altera/13.0sp1/nios2eds/bin/gnu/h-i686-mingw32/bin/../lib/gcc/nios2-elf/4.1.2/../../../../nios2-elf/lib\libc.a(lib_a-fwalk.o)